Archive member included to satisfy reference by file (symbol)

D:/msys32/home/Chengwuliang/esp/mcpwm_servo_control/build/cxx\libcxx.a(cxx_exception_stubs.o)
                              (__cxx_fatal_exception)
D:/msys32/home/Chengwuliang/esp/mcpwm_servo_control/build/cxx\libcxx.a(cxx_guards.o)
                              (__cxa_guard_dummy)
D:/msys32/home/Chengwuliang/esp/mcpwm_servo_control/build/esp32\libesp32.a(cpu_start.o)
                              (call_start_cpu0)
D:/msys32/home/Chengwuliang/esp/mcpwm_servo_control/build/esp32\libesp32.a(dbg_stubs.o)
                              D:/msys32/home/Chengwuliang/esp/mcpwm_servo_control/build/esp32\libesp32.a(cpu_start.o) (esp_dbg_stubs_init)
D:/msys32/home/Chengwuliang/esp/mcpwm_servo_control/build/esp32\libesp32.a(task_wdt.o)
                              D:/msys32/home/Chengwuliang/esp/mcpwm_servo_control/build/esp32\libesp32.a(cpu_start.o) (esp_task_wdt_init)
D:/msys32/home/Chengwuliang/esp/mcpwm_servo_control/build/esp32\libesp32.a(reset_reason.o)
                              D:/msys32/home/Chengwuliang/esp/mcpwm_servo_control/build/esp32\libesp32.a(task_wdt.o) (esp_reset_reason_set_hint)
D:/msys32/home/Chengwuliang/esp/mcpwm_servo_control/build/esp32\libesp32.a(panic.o)
                              D:/msys32/home/Chengwuliang/esp/mcpwm_servo_control/build/cxx\libcxx.a(cxx_exception_stubs.o) (abort)
D:/msys32/home/Chengwuliang/esp/mcpwm_servo_control/build/esp32\libesp32.a(dport_panic_highint_hdl.o)
                              (ld_include_panic_highint_hdl)
D:/msys32/home/Chengwuliang/esp/mcpwm_servo_control/build/esp32\libesp32.a(int_wdt.o)
                              D:/msys32/home/Chengwuliang/esp/mcpwm_servo_control/build/esp32\libesp32.a(dport_panic_highint_hdl.o) (int_wdt_app_cpu_ticked)
D:/msys32/home/Chengwuliang/esp/mcpwm_servo_control/build/esp32\libesp32.a(brownout.o)
                              D:/msys32/home/Chengwuliang/esp/mcpwm_servo_control/build/esp32\libesp32.a(cpu_start.o) (esp_brownout_init)
D:/msys32/home/Chengwuliang/esp/mcpwm_servo_control/build/esp32\libesp32.a(system_api.o)
                              D:/msys32/home/Chengwuliang/esp/mcpwm_servo_control/build/esp32\libesp32.a(panic.o) (esp_restart_noos)
D:/msys32/home/Chengwuliang/esp/mcpwm_servo_control/build/esp32\libesp32.a(dport_access.o)
                              D:/msys32/home/Chengwuliang/esp/mcpwm_servo_control/build/esp32\libesp32.a(dport_panic_highint_hdl.o) (dport_access_start)
D:/msys32/home/Chengwuliang/esp/mcpwm_servo_control/build/esp32\libesp32.a(esp_timer.o)
                              D:/msys32/home/Chengwuliang/esp/mcpwm_servo_control/build/esp32\libesp32.a(cpu_start.o) (esp_timer_init)
D:/msys32/home/Chengwuliang/esp/mcpwm_servo_control/build/esp32\libesp32.a(esp_err_to_name.o)
                              D:/msys32/home/Chengwuliang/esp/mcpwm_servo_control/build/esp32\libesp32.a(panic.o) (esp_err_to_name)
D:/msys32/home/Chengwuliang/esp/mcpwm_servo_control/build/esp32\libesp32.a(intr_alloc.o)
                              D:/msys32/home/Chengwuliang/esp/mcpwm_servo_control/build/esp32\libesp32.a(task_wdt.o) (esp_intr_alloc)
D:/msys32/home/Chengwuliang/esp/mcpwm_servo_control/build/esp32\libesp32.a(ipc.o)
                              D:/msys32/home/Chengwuliang/esp/mcpwm_servo_control/build/esp32\libesp32.a(cpu_start.o) (esp_ipc_init)
D:/msys32/home/Chengwuliang/esp/mcpwm_servo_control/build/esp32\libesp32.a(cache_err_int.o)
                              D:/msys32/home/Chengwuliang/esp/mcpwm_servo_control/build/esp32\libesp32.a(cpu_start.o) (esp_cache_err_int_init)
D:/msys32/home/Chengwuliang/esp/mcpwm_servo_control/build/esp32\libesp32.a(freertos_hooks.o)
                              D:/msys32/home/Chengwuliang/esp/mcpwm_servo_control/build/esp32\libesp32.a(task_wdt.o) (esp_register_freertos_idle_hook_for_cpu)
D:/msys32/home/Chengwuliang/esp/mcpwm_servo_control/build/esp32\libesp32.a(clk.o)
                              D:/msys32/home/Chengwuliang/esp/mcpwm_servo_control/build/esp32\libesp32.a(cpu_start.o) (esp_clk_init)
D:/msys32/home/Chengwuliang/esp/mcpwm_servo_control/build/esp32\libesp32.a(esp_timer_esp32.o)
                              D:/msys32/home/Chengwuliang/esp/mcpwm_servo_control/build/esp32\libesp32.a(esp_timer.o) (esp_timer_impl_get_time)
D:/msys32/home/Chengwuliang/esp/mcpwm_servo_control/build/esp32\libesp32.a(crosscore_int.o)
                              D:/msys32/home/Chengwuliang/esp/mcpwm_servo_control/build/esp32\libesp32.a(cpu_start.o) (esp_crosscore_int_init)
D:/msys32/home/ChengWuliang/esp/esp-idf/components/esp32/libhal.a(int_asm--set_intclear.o)
                              D:/msys32/home/Chengwuliang/esp/mcpwm_servo_control/build/esp32\libesp32.a(intr_alloc.o) (xthal_set_intclear)
D:/msys32/home/Chengwuliang/esp/mcpwm_servo_control/build/freertos\libfreertos.a(FreeRTOS-openocd.o)
                              (uxTopUsedPriority)
[...]
Memory Configuration

Name             Origin             Length             Attributes
iram0_0_seg      0x40080000         0x00020000         xr
iram0_2_seg      0x400d0018         0x0032ffe8         xr
dram0_0_seg      0x3ffb0000         0x0002c200         rw
drom0_0_seg      0x3f400018         0x003fffe8         r
rtc_iram_seg     0x400c0000         0x00002000         xrw
rtc_slow_seg     0x50000000         0x00001000         rw
*default*        0x00000000         0xffffffff

Linker script and memory map

START GROUP
LOAD D:/msys32/home/Chengwuliang/esp/mcpwm_servo_control/build/app_trace\libapp_trace.a
LOAD D:/msys32/home/Chengwuliang/esp/mcpwm_servo_control/build/app_update\libapp_update.a
LOAD D:/msys32/home/Chengwuliang/esp/mcpwm_servo_control/build/asio\libasio.a
LOAD D:/msys32/home/Chengwuliang/esp/mcpwm_servo_control/build/bootloader_support\libbootloader_support.a
LOAD D:/msys32/home/Chengwuliang/esp/mcpwm_servo_control/build/bt\libbt.a
LOAD D:/msys32/home/Chengwuliang/esp/mcpwm_servo_control/build/coap\libcoap.a
LOAD D:/msys32/home/Chengwuliang/esp/mcpwm_servo_control/build/console\libconsole.a
LOAD D:/msys32/home/Chengwuliang/esp/mcpwm_servo_control/build/cxx\libcxx.a
LOAD D:/msys32/home/Chengwuliang/esp/mcpwm_servo_control/build/driver\libdriver.a
LOAD D:/msys32/home/Chengwuliang/esp/mcpwm_servo_control/build/esp-tls\libesp-tls.a
LOAD D:/msys32/home/Chengwuliang/esp/mcpwm_servo_control/build/esp32\libesp32.a
LOAD D:/msys32/home/ChengWuliang/esp/esp-idf/components/esp32/libhal.a
LOAD D:/msys32/home/ChengWuliang/esp/esp-idf/components/esp32/lib\libcore.a
LOAD D:/msys32/home/ChengWuliang/esp/esp-idf/components/esp32/lib\librtc.a
LOAD D:/msys32/home/ChengWuliang/esp/esp-idf/components/esp32/lib\libnet80211.a
LOAD D:/msys32/home/ChengWuliang/esp/esp-idf/components/esp32/lib\libpp.a
LOAD D:/msys32/home/ChengWuliang/esp/esp-idf/components/esp32/lib\libwpa.a
LOAD D:/msys32/home/ChengWuliang/esp/esp-idf/components/esp32/lib\libsmartconfig.a
LOAD D:/msys32/home/ChengWuliang/esp/esp-idf/components/esp32/lib\libcoexist.a
LOAD D:/msys32/home/ChengWuliang/esp/esp-idf/components/esp32/lib\libwps.a
LOAD D:/msys32/home/ChengWuliang/esp/esp-idf/components/esp32/lib\libwpa2.a
LOAD D:/msys32/home/ChengWuliang/esp/esp-idf/components/esp32/lib\libespnow.a
LOAD D:/msys32/home/ChengWuliang/esp/esp-idf/components/esp32/lib\libphy.a
LOAD D:/msys32/home/ChengWuliang/esp/esp-idf/components/esp32/lib\libmesh.a
LOAD D:/msys32/home/Chengwuliang/esp/mcpwm_servo_control/build/esp_adc_cal\libesp_adc_cal.a
LOAD D:/msys32/home/Chengwuliang/esp/mcpwm_servo_control/build/esp_http_client\libesp_http_client.a
LOAD D:/msys32/home/Chengwuliang/esp/mcpwm_servo_control/build/esp_https_ota\libesp_https_ota.a
LOAD D:/msys32/home/Chengwuliang/esp/mcpwm_servo_control/build/ethernet\libethernet.a
LOAD D:/msys32/home/Chengwuliang/esp/mcpwm_servo_control/build/expat\libexpat.a
LOAD D:/msys32/home/Chengwuliang/esp/mcpwm_servo_control/build/fatfs\libfatfs.a
LOAD D:/msys32/home/Chengwuliang/esp/mcpwm_servo_control/build/freertos\libfreertos.a
LOAD D:/msys32/home/Chengwuliang/esp/mcpwm_servo_control/build/heap\libheap.a
LOAD D:/msys32/home/Chengwuliang/esp/mcpwm_servo_control/build/http_server\libhttp_server.a
LOAD D:/msys32/home/Chengwuliang/esp/mcpwm_servo_control/build/idf_test\libidf_test.a
LOAD D:/msys32/home/Chengwuliang/esp/mcpwm_servo_control/build/jsmn\libjsmn.a
LOAD D:/msys32/home/Chengwuliang/esp/mcpwm_servo_control/build/json\libjson.a
LOAD D:/msys32/home/Chengwuliang/esp/mcpwm_servo_control/build/libsodium\liblibsodium.a
LOAD D:/msys32/home/Chengwuliang/esp/mcpwm_servo_control/build/log\liblog.a
LOAD D:/msys32/home/Chengwuliang/esp/mcpwm_servo_control/build/lwip\liblwip.a
LOAD D:/msys32/home/Chengwuliang/esp/mcpwm_servo_control/build/main\libmain.a
LOAD D:/msys32/home/Chengwuliang/esp/mcpwm_servo_control/build/mbedtls\libmbedtls.a
LOAD D:/msys32/home/Chengwuliang/esp/mcpwm_servo_control/build/mdns\libmdns.a
LOAD D:/msys32/home/Chengwuliang/esp/mcpwm_servo_control/build/micro-ecc\libmicro-ecc.a
LOAD D:/msys32/home/ChengWuliang/esp/esp-idf/components/newlib/lib/libc.a
LOAD D:/msys32/home/ChengWuliang/esp/esp-idf/components/newlib/lib/libm.a
LOAD D:/msys32/home/Chengwuliang/esp/mcpwm_servo_control/build/newlib\libnewlib.a
LOAD D:/msys32/home/Chengwuliang/esp/mcpwm_servo_control/build/nghttp\libnghttp.a
LOAD D:/msys32/home/Chengwuliang/esp/mcpwm_servo_control/build/nvs_flash\libnvs_flash.a
LOAD D:/msys32/home/Chengwuliang/esp/mcpwm_servo_control/build/openssl\libopenssl.a
LOAD D:/msys32/home/Chengwuliang/esp/mcpwm_servo_control/build/pthread\libpthread.a
LOAD D:/msys32/home/Chengwuliang/esp/mcpwm_servo_control/build/sdmmc\libsdmmc.a
LOAD D:/msys32/home/Chengwuliang/esp/mcpwm_servo_control/build/smartconfig_ack\libsmartconfig_ack.a
LOAD D:/msys32/home/Chengwuliang/esp/mcpwm_servo_control/build/soc\libsoc.a
LOAD D:/msys32/home/Chengwuliang/esp/mcpwm_servo_control/build/spi_flash\libspi_flash.a
LOAD D:/msys32/home/Chengwuliang/esp/mcpwm_servo_control/build/spiffs\libspiffs.a
LOAD D:/msys32/home/Chengwuliang/esp/mcpwm_servo_control/build/tcpip_adapter\libtcpip_adapter.a
LOAD D:/msys32/home/Chengwuliang/esp/mcpwm_servo_control/build/ulp\libulp.a
LOAD D:/msys32/home/Chengwuliang/esp/mcpwm_servo_control/build/vfs\libvfs.a
LOAD D:/msys32/home/Chengwuliang/esp/mcpwm_servo_control/build/wear_levelling\libwear_levelling.a
LOAD D:/msys32/home/Chengwuliang/esp/mcpwm_servo_control/build/wpa_supplicant\libwpa_supplicant.a
LOAD D:/msys32/home/Chengwuliang/esp/mcpwm_servo_control/build/xtensa-debug-module\libxtensa-debug-module.a
LOAD d:/msys32/opt/xtensa-esp32-elf/bin/../lib/gcc/xtensa-esp32-elf/5.2.0\libgcc.a
LOAD d:/msys32/opt/xtensa-esp32-elf/bin/../lib/gcc/xtensa-esp32-elf/5.2.0/../../../../xtensa-esp32-elf/lib\libstdc++.a
LOAD d:/msys32/opt/xtensa-esp32-elf/bin/../lib/gcc/xtensa-esp32-elf/5.2.0\libgcov.a
END GROUP
                0x40000000                _heap_end = 0x40000000

.rtc.text       0x400c0000        0x0
                0x400c0000                . = ALIGN (0x4)
 *(.rtc.literal .rtc.text)
 *rtc_wake_stub*.o(.literal .text .literal.* .text.*)

.rtc.data       0x50000000        0x0
                0x50000000                _rtc_data_start = ABSOLUTE (.)
 *(.rtc.data)
 *(.rtc.rodata)
 *rtc_wake_stub*.o(.data .rodata .data.* .rodata.* .bss .bss.*)
                0x50000000                _rtc_data_end = ABSOLUTE (.)

.rtc.bss        0x50000000        0x0
                0x50000000                _rtc_bss_start = ABSOLUTE (.)
 *rtc_wake_stub*.o(.bss .bss.*)
 *rtc_wake_stub*.o(COMMON)
 *(.rtc.bss)
                0x50000000                _rtc_bss_end = ABSOLUTE (.)

.rtc_noinit     0x50000000        0x0
                0x50000000                . = ALIGN (0x4)
                0x50000000                _rtc_noinit_start = ABSOLUTE (.)
 *(.rtc_noinit .rtc_noinit.*)
                0x50000000                . = ALIGN (0x4)
                0x50000000                _rtc_noinit_end = ABSOLUTE (.)

.iram0.vectors  0x40080000      0x400
                0x40080000                _iram_start = ABSOLUTE (.)
                0x40080000                _init_start = ABSOLUTE (.)
                0x00000000                . = 0x0
 *(.WindowVectors.text)
 .WindowVectors.text
                0x40080000      0x16a D:/msys32/home/Chengwuliang/esp/mcpwm_servo_control/build/freertos\libfreertos.a(xtensa_vectors.o)
                0x40080000                _WindowOverflow4
                0x40080040                _WindowUnderflow4
                0x40080050                _xt_alloca_exc
                0x40080080                _WindowOverflow8
                0x400800c0                _WindowUnderflow8
                0x40080100                _WindowOverflow12
                0x40080140                _WindowUnderflow12
                0x00000180                . = 0x180
 *fill*         0x4008016a       0x16 
 *(.Level2InterruptVector.text)
 .Level2InterruptVector.text
                0x40080180        0x6 D:/msys32/home/Chengwuliang/esp/mcpwm_servo_control/build/freertos\libfreertos.a(xtensa_vectors.o)
                0x40080180                _Level2Vector
                0x000001c0                . = 0x1c0
 *fill*         0x40080186       0x3a 
 *(.Level3InterruptVector.text)
 .Level3InterruptVector.text
                0x400801c0        0x6 D:/msys32/home/Chengwuliang/esp/mcpwm_servo_control/build/freertos\libfreertos.a(xtensa_vectors.o)
                0x400801c0                _Level3Vector
                0x00000200                . = 0x200
 *fill*         0x400801c6       0x3a 
 *(.Level4InterruptVector.text)
 .Level4InterruptVector.text
                0x40080200        0x6 D:/msys32/home/Chengwuliang/esp/mcpwm_servo_control/build/freertos\libfreertos.a(xtensa_vectors.o)
                0x40080200                _Level4Vector
                0x00000240                . = 0x240
 *fill*         0x40080206       0x3a 
 *(.Level5InterruptVector.text)
 .Level5InterruptVector.text
                0x40080240        0x6 D:/msys32/home/Chengwuliang/esp/mcpwm_servo_control/build/freertos\libfreertos.a(xtensa_vectors.o)
                0x40080240                _Level5Vector
                0x00000280                . = 0x280
 *fill*         0x40080246       0x3a 
 *(.DebugExceptionVector.text)
 .DebugExceptionVector.text
                0x40080280        0x6 D:/msys32/home/Chengwuliang/esp/mcpwm_servo_control/build/freertos\libfreertos.a(xtensa_vectors.o)
                0x40080280                _DebugExceptionVector
                0x000002c0                . = 0x2c0
 *fill*         0x40080286       0x3a 
 *(.NMIExceptionVector.text)
 .NMIExceptionVector.text
                0x400802c0        0x6 D:/msys32/home/Chengwuliang/esp/mcpwm_servo_control/build/freertos\libfreertos.a(xtensa_vectors.o)
                0x400802c0                _NMIExceptionVector
                0x00000300                . = 0x300
 *fill*         0x400802c6       0x3a 
 *(.KernelExceptionVector.text)
 .KernelExceptionVector.text
                0x40080300        0x6 D:/msys32/home/Chengwuliang/esp/mcpwm_servo_control/build/freertos\libfreertos.a(xtensa_vectors.o)
                0x40080300                _KernelExceptionVector
                0x00000340                . = 0x340
 *fill*         0x40080306       0x3a 
 *(.UserExceptionVector.text)
 .UserExceptionVector.text
                0x40080340        0x6 D:/msys32/home/Chengwuliang/esp/mcpwm_servo_control/build/freertos\libfreertos.a(xtensa_vectors.o)
                0x40080340                _UserExceptionVector
                0x000003c0                . = 0x3c0
 *fill*         0x40080346       0x7a 
 *(.DoubleExceptionVector.text)
 .DoubleExceptionVector.text
                0x400803c0        0xf D:/msys32/home/Chengwuliang/esp/mcpwm_servo_control/build/freertos\libfreertos.a(xtensa_vectors.o)
                0x400803c0                _DoubleExceptionVector
                0x00000400                . = 0x400
 *fill*         0x400803cf       0x31 
 *(.*Vector.literal)
 *(.UserEnter.literal)
 *(.UserEnter.text)
                0x40080400                . = ALIGN (0x10)
 *(.entry.text)
 *(.init.literal)
 *(.init)
                0x40080400                _init_end = ABSOLUTE (.)

.iram0.text     0x40080400     0x9bcc
                0x40080400                _iram_text_start = ABSOLUTE (.)
 *(.iram1 .iram1.*)
 .iram1.literal
                0x40080400       0xa8 D:/msys32/home/Chengwuliang/esp/mcpwm_servo_control/build/esp32\libesp32.a(cpu_start.o)
                                0x1c0 (size before relaxing)
 .iram1.literal
                0x400804a8       0x18 D:/msys32/home/Chengwuliang/esp/mcpwm_servo_control/build/esp32\libesp32.a(reset_reason.o)
                                 0x20 (size before relaxing)
 .iram1.literal
                0x400804c0       0x24 D:/msys32/home/Chengwuliang/esp/mcpwm_servo_control/build/esp32\libesp32.a(dport_panic_highint_hdl.o)
                                 0x28 (size before relaxing)
 .iram1.literal
                0x400804e4        0x8 D:/msys32/home/Chengwuliang/esp/mcpwm_servo_control/build/esp32\libesp32.a(int_wdt.o)
                                  0xc (size before relaxing)
 .iram1.literal
                0x400804ec       0x54 D:/msys32/home/Chengwuliang/esp/mcpwm_servo_control/build/esp32\libesp32.a(system_api.o)
                                 0xd0 (size before relaxing)
 .iram1.literal
                0x40080540       0x28 D:/msys32/home/Chengwuliang/esp/mcpwm_servo_control/build/esp32\libesp32.a(dport_access.o)
                                 0x88 (size before relaxing)
 .iram1.literal
                0x40080568       0x24 D:/msys32/home/Chengwuliang/esp/mcpwm_servo_control/build/esp32\libesp32.a(esp_timer.o)
                                 0x60 (size before relaxing)
 .iram1.literal
                0x4008058c       0x20 D:/msys32/home/Chengwuliang/esp/mcpwm_servo_control/build/esp32\libesp32.a(intr_alloc.o)
                                 0x7c (size before relaxing)
 .iram1.literal
                0x400805ac       0x20 D:/msys32/home/Chengwuliang/esp/mcpwm_servo_control/build/esp32\libesp32.a(ipc.o)
                                 0x34 (size before relaxing)
 .iram1.literal
                0x400805cc        0xc D:/msys32/home/Chengwuliang/esp/mcpwm_servo_control/build/esp32\libesp32.a(cache_err_int.o)
                                 0x18 (size before relaxing)
 .iram1.literal
                0x400805d8        0x4 D:/msys32/home/Chengwuliang/esp/mcpwm_servo_control/build/esp32\libesp32.a(freertos_hooks.o)
 .iram1.literal
                0x400805dc        0xc D:/msys32/home/Chengwuliang/esp/mcpwm_servo_control/build/esp32\libesp32.a(clk.o)
                                 0x20 (size before relaxing)
 .iram1.literal
                0x400805e8       0x60 D:/msys32/home/Chengwuliang/esp/mcpwm_servo_control/build/esp32\libesp32.a(esp_timer_esp32.o)
                                 0xf8 (size before relaxing)
 .iram1.literal
                0x40080648       0x1c D:/msys32/home/Chengwuliang/esp/mcpwm_servo_control/build/esp32\libesp32.a(crosscore_int.o)
                                 0x40 (size before relaxing)
 .iram1.literal
                0x40080664        0x4 D:/msys32/home/Chengwuliang/esp/mcpwm_servo_control/build/freertos\libfreertos.a(port.o)
 .iram1.literal
                0x40080668       0x44 D:/msys32/home/Chengwuliang/esp/mcpwm_servo_control/build/freertos\libfreertos.a(xtensa_vectors.o)
                                 0x68 (size before relaxing)
 .iram1.literal
                0x400806ac       0x58 D:/msys32/home/Chengwuliang/esp/mcpwm_servo_control/build/heap\libheap.a(heap_caps.o)
                                 0xb0 (size before relaxing)
 .iram1.literal
                0x40080704       0x24 D:/msys32/home/Chengwuliang/esp/mcpwm_servo_control/build/log\liblog.a(log.o)
                                 0x48 (size before relaxing)
 .iram1.literal
                0x40080728        0x8 D:/msys32/home/Chengwuliang/esp/mcpwm_servo_control/build/main\libmain.a(mcpwm_servo_control_example.o)
                                 0x14 (size before relaxing)
 .iram1.literal
                0x40080730       0x14 D:/msys32/home/Chengwuliang/esp/mcpwm_servo_control/build/newlib\libnewlib.a(locks.o)
                                 0x90 (size before relaxing)
 .iram1.literal
                0x40080744        0x4 D:/msys32/home/Chengwuliang/esp/mcpwm_servo_control/build/newlib\libnewlib.a(syscalls.o)
                                 0x14 (size before relaxing)
 .iram1.literal
                0x40080748        0x8 D:/msys32/home/Chengwuliang/esp/mcpwm_servo_control/build/newlib\libnewlib.a(reent_init.o)
                                 0x10 (size before relaxing)
 .iram1.literal
                0x40080750        0x4 D:/msys32/home/Chengwuliang/esp/mcpwm_servo_control/build/newlib\libnewlib.a(time.o)
                                 0x1c (size before relaxing)
 .iram1.literal
                0x40080754       0x1c D:/msys32/home/Chengwuliang/esp/mcpwm_servo_control/build/soc\libsoc.a(cpu_util.o)
                                 0x30 (size before relaxing)
 .iram1.literal
                0x40080770       0x38 D:/msys32/home/Chengwuliang/esp/mcpwm_servo_control/build/spi_flash\libspi_flash.a(flash_ops.o)
                                 0xe4 (size before relaxing)
 .iram1.literal
                0x400807a8       0x50 D:/msys32/home/Chengwuliang/esp/mcpwm_servo_control/build/spi_flash\libspi_flash.a(cache_utils.o)
                                0x120 (size before relaxing)
 .iram1.literal
                0x400807f8       0x4c D:/msys32/home/Chengwuliang/esp/mcpwm_servo_control/build/spi_flash\libspi_flash.a(flash_mmap.o)
                                0x11c (size before relaxing)
 .literal.prvResetNextTaskUnblockTime
                0x40080844        0x8 D:/msys32/home/Chengwuliang/esp/mcpwm_servo_control/build/freertos\libfreertos.a(tasks.o)
 .literal.prvDeleteTLS
                0x4008084c       0x10 D:/msys32/home/Chengwuliang/esp/mcpwm_servo_control/build/freertos\libfreertos.a(tasks.o)
                                 0x18 (size before relaxing)
 .literal.prvInitialiseNewTask
                0x4008085c        0x0 D:/msys32/home/Chengwuliang/esp/mcpwm_servo_control/build/freertos\libfreertos.a(tasks.o)
                                 0x18 (size before relaxing)
 .literal.prvInitialiseTaskLists
                0x4008085c       0x20 D:/msys32/home/Chengwuliang/esp/mcpwm_servo_control/build/freertos\libfreertos.a(tasks.o)
                                 0x40 (size before relaxing)
 .literal.prvDeleteTCB
                0x4008087c        0x8 D:/msys32/home/Chengwuliang/esp/mcpwm_servo_control/build/freertos\libfreertos.a(tasks.o)
                                 0x2c (size before relaxing)
 .literal.prvAddCurrentTaskToDelayedList
                0x40080884        0x4 D:/msys32/home/Chengwuliang/esp/mcpwm_servo_control/build/freertos\libfreertos.a(tasks.o)
                                 0x1c (size before relaxing)
 .literal.taskYIELD_OTHER_CORE
                0x40080888        0x0 D:/msys32/home/Chengwuliang/esp/mcpwm_servo_control/build/freertos\libfreertos.a(tasks.o)
                                 0x10 (size before relaxing)
 .literal.vTaskSuspendAll
                0x40080888        0x4 D:/msys32/home/Chengwuliang/esp/mcpwm_servo_control/build/freertos\libfreertos.a(tasks.o)
                                  0x8 (size before relaxing)
 .literal.xTaskGetIdleTaskHandleForCPU
                0x4008088c        0xc D:/msys32/home/Chengwuliang/esp/mcpwm_servo_control/build/freertos\libfreertos.a(tasks.o)
                                 0x1c (size before relaxing)
 .literal.vTaskSwitchContext
                0x40080898       0x18 D:/msys32/home/Chengwuliang/esp/mcpwm_servo_control/build/freertos\libfreertos.a(tasks.o)
                                 0x3c (size before relaxing)
 .literal.vTaskSetTimeOutState
                0x400808b0        0xc D:/msys32/home/Chengwuliang/esp/mcpwm_servo_control/build/freertos\libfreertos.a(tasks.o)
                                 0x20 (size before relaxing)
 .literal.xTaskGetCurrentTaskHandle
                0x400808bc        0x0 D:/msys32/home/Chengwuliang/esp/mcpwm_servo_control/build/freertos\libfreertos.a(tasks.o)
                                  0x8 (size before relaxing)
 .literal.__getreent
                0x400808bc        0x0 D:/msys32/home/Chengwuliang/esp/mcpwm_servo_control/build/freertos\libfreertos.a(tasks.o)
                                  0x8 (size before relaxing)
 .literal.pcTaskGetTaskName
                0x400808bc        0x8 D:/msys32/home/Chengwuliang/esp/mcpwm_servo_control/build/freertos\libfreertos.a(tasks.o)
                                 0x1c (size before relaxing)
 .literal.xTaskGetAffinity
                0x400808c4        0x0 D:/msys32/home/Chengwuliang/esp/mcpwm_servo_control/build/freertos\libfreertos.a(tasks.o)
                                  0x4 (size before relaxing)
 .literal.xTaskGetCurrentTaskHandleForCPU
                0x400808c4        0x0 D:/msys32/home/Chengwuliang/esp/mcpwm_servo_control/build/freertos\libfreertos.a(tasks.o)
                                  0x4 (size before relaxing)
 .literal.xTaskGetSchedulerState
                0x400808c4        0x4 D:/msys32/home/Chengwuliang/esp/mcpwm_servo_control/build/freertos\libfreertos.a(tasks.o)
                                  0xc (size before relaxing)
 .literal.vTaskEnterCritical
                0x400808c8       0x20 D:/msys32/home/Chengwuliang/esp/mcpwm_servo_control/build/freertos\libfreertos.a(tasks.o)
                                 0x34 (size before relaxing)
 .literal.vTaskExitCritical
                0x400808e8        0xc D:/msys32/home/Chengwuliang/esp/mcpwm_servo_control/build/freertos\libfreertos.a(tasks.o)
                                 0x28 (size before relaxing)
 .literal.prvAddNewTaskToReadyList
                0x400808f4       0x10 D:/msys32/home/Chengwuliang/esp/mcpwm_servo_control/build/freertos\libfreertos.a(tasks.o)
                                 0x58 (size before relaxing)
 .literal.xTaskCreatePinnedToCore
                0x40080904        0x0 D:/msys32/home/Chengwuliang/esp/mcpwm_servo_control/build/freertos\libfreertos.a(tasks.o)
                                 0x18 (size before relaxing)
 .literal.vTaskStartScheduler
                0x40080904       0x10 D:/msys32/home/Chengwuliang/esp/mcpwm_servo_control/build/freertos\libfreertos.a(tasks.o)
                                 0x3c (size before relaxing)
 .literal.vTaskDelete
                0x40080914        0x8 D:/msys32/home/Chengwuliang/esp/mcpwm_servo_control/build/freertos\libfreertos.a(tasks.o)
                                 0x60 (size before relaxing)
 .literal.uxTaskPriorityGet
                0x4008091c        0x0 D:/msys32/home/Chengwuliang/esp/mcpwm_servo_control/build/freertos\libfreertos.a(tasks.o)
                                 0x10 (size before relaxing)
 .literal.vTaskPrioritySet
                0x4008091c        0x4 D:/msys32/home/Chengwuliang/esp/mcpwm_servo_control/build/freertos\libfreertos.a(tasks.o)
                                 0x44 (size before relaxing)
 .literal.prvCheckTasksWaitingTermination
                0x40080920        0x8 D:/msys32/home/Chengwuliang/esp/mcpwm_servo_control/build/freertos\libfreertos.a(tasks.o)
                                 0x30 (size before relaxing)
 .literal.prvIdleTask
                0x40080928        0x0 D:/msys32/home/Chengwuliang/esp/mcpwm_servo_control/build/freertos\libfreertos.a(tasks.o)
                                  0xc (size before relaxing)
 .literal.xTaskGetTickCount
                0x40080928        0x4 D:/msys32/home/Chengwuliang/esp/mcpwm_servo_control/build/freertos\libfreertos.a(tasks.o)
                                 0x10 (size before relaxing)
 .literal.xTaskIncrementTick
                0x4008092c        0xc D:/msys32/home/Chengwuliang/esp/mcpwm_servo_control/build/freertos\libfreertos.a(tasks.o)
                                 0x78 (size before relaxing)
 .literal.xTaskResumeAll
                0x40080938        0x8 D:/msys32/home/Chengwuliang/esp/mcpwm_servo_control/build/freertos\libfreertos.a(tasks.o)
                                 0x5c (size before relaxing)
 .literal.vTaskPlaceOnEventList
                0x40080940        0x8 D:/msys32/home/Chengwuliang/esp/mcpwm_servo_control/build/freertos\libfreertos.a(tasks.o)
                                 0x40 (size before relaxing)
 .literal.vTaskPlaceOnEventListRestricted
                0x40080948        0x8 D:/msys32/home/Chengwuliang/esp/mcpwm_servo_control/build/freertos\libfreertos.a(tasks.o)
                                 0x38 (size before relaxing)
 .literal.xTaskRemoveFromEventList
                0x40080950        0x8 D:/msys32/home/Chengwuliang/esp/mcpwm_servo_control/build/freertos\libfreertos.a(tasks.o)
                                 0x58 (size before relaxing)
 .literal.xTaskCheckForTimeOut
                0x40080958        0xc D:/msys32/home/Chengwuliang/esp/mcpwm_servo_control/build/freertos\libfreertos.a(tasks.o)
                                 0x3c (size before relaxing)
 .literal.vTaskPriorityInherit
                0x40080964        0x0 D:/msys32/home/Chengwuliang/esp/mcpwm_servo_control/build/freertos\libfreertos.a(tasks.o)
                                 0x2c (size before relaxing)
 .literal.xTaskPriorityDisinherit
                0x40080964        0x8 D:/msys32/home/Chengwuliang/esp/mcpwm_servo_control/build/freertos\libfreertos.a(tasks.o)
                                 0x40 (size before relaxing)
 .literal.pvTaskIncrementMutexHeldCount
                0x4008096c        0x0 D:/msys32/home/Chengwuliang/esp/mcpwm_servo_control/build/freertos\libfreertos.a(tasks.o)
                                 0x10 (size before relaxing)
 .literal.pxPortInitialiseStack
                0x4008096c       0x10 D:/msys32/home/Chengwuliang/esp/mcpwm_servo_control/build/freertos\libfreertos.a(port.o)
                                 0x18 (size before relaxing)
 .literal.xPortStartScheduler
                0x4008097c        0x0 D:/msys32/home/Chengwuliang/esp/mcpwm_servo_control/build/freertos\libfreertos.a(port.o)
                                 0x14 (size before relaxing)
 .literal.xPortSysTickHandler
                0x4008097c        0x0 D:/msys32/home/Chengwuliang/esp/mcpwm_servo_control/build/freertos\libfreertos.a(port.o)
                                  0x8 (size before relaxing)
 .literal.vPortYieldOtherCore
                0x4008097c        0x0 D:/msys32/home/Chengwuliang/esp/mcpwm_servo_control/build/freertos\libfreertos.a(port.o)
                                  0x4 (size before relaxing)
 .literal.vPortReleaseTaskMPUSettings
                0x4008097c        0x0 D:/msys32/home/Chengwuliang/esp/mcpwm_servo_control/build/freertos\libfreertos.a(port.o)
                                  0x4 (size before relaxing)
 .literal.xPortInIsrContext
                0x4008097c        0x0 D:/msys32/home/Chengwuliang/esp/mcpwm_servo_control/build/freertos\libfreertos.a(port.o)
                                  0x8 (size before relaxing)
 .literal.vPortCPUInitializeMutex
                0x4008097c        0x0 D:/msys32/home/Chengwuliang/esp/mcpwm_servo_control/build/freertos\libfreertos.a(port.o)
                                  0x4 (size before relaxing)
 .literal.vPortCPUAcquireMutex
                0x4008097c       0x14 D:/msys32/home/Chengwuliang/esp/mcpwm_servo_control/build/freertos\libfreertos.a(port.o)
                                 0x30 (size before relaxing)
 .literal.vPortCPUReleaseMutex
                0x40080990        0xc D:/msys32/home/Chengwuliang/esp/mcpwm_servo_control/build/freertos\libfreertos.a(port.o)
                                 0x20 (size before relaxing)
 .literal._xt_tick_divisor_init
                0x4008099c        0x8 D:/msys32/home/Chengwuliang/esp/mcpwm_servo_control/build/freertos\libfreertos.a(xtensa_init.o)
                                  0xc (size before relaxing)
 .literal.prvIsQueueFull
                0x400809a4        0x0 D:/msys32/home/Chengwuliang/esp/mcpwm_servo_control/build/freertos\libfreertos.a(queue.o)
                                  0x8 (size before relaxing)
 .literal.prvCopyDataToQueue
                0x400809a4        0x0 D:/msys32/home/Chengwuliang/esp/mcpwm_servo_control/build/freertos\libfreertos.a(queue.o)
                                  0xc (size before relaxing)
 .literal.prvNotifyQueueSetContainer
                0x400809a4       0x14 D:/msys32/home/Chengwuliang/esp/mcpwm_servo_control/build/freertos\libfreertos.a(queue.o)
                                 0x34 (size before relaxing)
 .literal.prvCopyDataFromQueue
                0x400809b8        0x0 D:/msys32/home/Chengwuliang/esp/mcpwm_servo_control/build/freertos\libfreertos.a(queue.o)
                                  0x4 (size before relaxing)
 .literal.xQueueGenericReset
                0x400809b8        0x4 D:/msys32/home/Chengwuliang/esp/mcpwm_servo_control/build/freertos\libfreertos.a(queue.o)
                                 0x30 (size before relaxing)
 .literal.prvInitialiseNewQueue
                0x400809bc        0x0 D:/msys32/home/Chengwuliang/esp/mcpwm_servo_control/build/freertos\libfreertos.a(queue.o)
                                  0x4 (size before relaxing)
 .literal.xQueueGenericCreate
                0x400809bc        0x4 D:/msys32/home/Chengwuliang/esp/mcpwm_servo_control/build/freertos\libfreertos.a(queue.o)
                                 0x1c (size before relaxing)
 .literal.xQueueGetMutexHolder
                0x400809c0        0x0 D:/msys32/home/Chengwuliang/esp/mcpwm_servo_control/build/freertos\libfreertos.a(queue.o)
                                  0x8 (size before relaxing)
 .literal.xQueueCreateCountingSemaphore
                0x400809c0        0x4 D:/msys32/home/Chengwuliang/esp/mcpwm_servo_control/build/freertos\libfreertos.a(queue.o)
                                 0x28 (size before relaxing)
 .literal.xQueueGenericSend
                0x400809c4        0x4 D:/msys32/home/Chengwuliang/esp/mcpwm_servo_control/build/freertos\libfreertos.a(queue.o)
                                 0x7c (size before relaxing)
 .literal.prvInitialiseMutex
                0x400809c8        0x0 D:/msys32/home/Chengwuliang/esp/mcpwm_servo_control/build/freertos\libfreertos.a(queue.o)
                                  0x8 (size before relaxing)
 .literal.xQueueCreateMutex
                0x400809c8        0x0 D:/msys32/home/Chengwuliang/esp/mcpwm_servo_control/build/freertos\libfreertos.a(queue.o)
                                  0x8 (size before relaxing)
 .literal.xQueueGiveMutexRecursive
                0x400809c8        0x4 D:/msys32/home/Chengwuliang/esp/mcpwm_servo_control/build/freertos\libfreertos.a(queue.o)
                                 0x1c (size before relaxing)
 .literal.xQueueGenericSendFromISR
                0x400809cc        0x4 D:/msys32/home/Chengwuliang/esp/mcpwm_servo_control/build/freertos\libfreertos.a(queue.o)
                                 0x3c (size before relaxing)
 .literal.xQueueGiveFromISR
                0x400809d0        0x4 D:/msys32/home/Chengwuliang/esp/mcpwm_servo_control/build/freertos\libfreertos.a(queue.o)
                                 0x30 (size before relaxing)
 .literal.xQueueGenericReceive
                0x400809d4        0x4 D:/msys32/home/Chengwuliang/esp/mcpwm_servo_control/build/freertos\libfreertos.a(queue.o)
                                 0x78 (size before relaxing)
 .literal.xQueueTakeMutexRecursive
                0x400809d8        0x4 D:/msys32/home/Chengwuliang/esp/mcpwm_servo_control/build/freertos\libfreertos.a(queue.o)
                                 0x1c (size before relaxing)
 .literal.xQueueReceiveFromISR
                0x400809dc        0x4 D:/msys32/home/Chengwuliang/esp/mcpwm_servo_control/build/freertos\libfreertos.a(queue.o)
                                 0x30 (size before relaxing)
 .literal.uxQueueSpacesAvailable
                0x400809e0        0x4 D:/msys32/home/Chengwuliang/esp/mcpwm_servo_control/build/freertos\libfreertos.a(queue.o)
                                 0x1c (size before relaxing)
 .literal.vQueueDelete
                0x400809e4        0x4 D:/msys32/home/Chengwuliang/esp/mcpwm_servo_control/build/freertos\libfreertos.a(queue.o)
                                 0x18 (size before relaxing)
 .literal.vQueueWaitForMessageRestricted
                0x400809e8        0x0 D:/msys32/home/Chengwuliang/esp/mcpwm_servo_control/build/freertos\libfreertos.a(queue.o)
                                  0xc (size before relaxing)
 .literal.xt_unhandled_interrupt
                0x400809e8        0x4 D:/msys32/home/Chengwuliang/esp/mcpwm_servo_control/build/freertos\libfreertos.a(xtensa_intr.o)
                                  0x8 (size before relaxing)
 .literal.xt_set_interrupt_handler
                0x400809ec        0x8 D:/msys32/home/Chengwuliang/esp/mcpwm_servo_control/build/freertos\libfreertos.a(xtensa_intr.o)
                                  0xc (size before relaxing)
 .literal       0x400809f4        0xc D:/msys32/home/Chengwuliang/esp/mcpwm_servo_control/build/freertos\libfreertos.a(portasm.o)
                                 0x54 (size before relaxing)
 .literal       0x40080a00        0x0 D:/msys32/home/Chengwuliang/esp/mcpwm_servo_control/build/freertos\libfreertos.a(xtensa_context.o)
                                 0x10 (size before relaxing)
 .literal.prvGetNextExpireTime
                0x40080a00        0x4 D:/msys32/home/Chengwuliang/esp/mcpwm_servo_control/build/freertos\libfreertos.a(timers.o)
 .literal.prvInsertTimerInActiveList
                0x40080a04        0x4 D:/msys32/home/Chengwuliang/esp/mcpwm_servo_control/build/freertos\libfreertos.a(timers.o)
                                 0x10 (size before relaxing)
 .literal.prvCheckForValidListAndQueue
                0x40080a08       0x1c D:/msys32/home/Chengwuliang/esp/mcpwm_servo_control/build/freertos\libfreertos.a(timers.o)
                                 0x44 (size before relaxing)
 .literal.xTimerCreateTimerTask
                0x40080a24        0xc D:/msys32/home/Chengwuliang/esp/mcpwm_servo_control/build/freertos\libfreertos.a(timers.o)
                                 0x2c (size before relaxing)
 .literal.xTimerGenericCommand
                0x40080a30        0x0 D:/msys32/home/Chengwuliang/esp/mcpwm_servo_control/build/freertos\libfreertos.a(timers.o)
                                 0x14 (size before relaxing)
 .literal.prvSwitchTimerLists
                0x40080a30        0x4 D:/msys32/home/Chengwuliang/esp/mcpwm_servo_control/build/freertos\libfreertos.a(timers.o)
                                 0x28 (size before relaxing)
 .literal.prvSampleTimeNow
                0x40080a34        0x4 D:/msys32/home/Chengwuliang/esp/mcpwm_servo_control/build/freertos\libfreertos.a(timers.o)
                                  0xc (size before relaxing)
 .literal.prvProcessExpiredTimer
                0x40080a38        0x4 D:/msys32/home/Chengwuliang/esp/mcpwm_servo_control/build/freertos\libfreertos.a(timers.o)
                                 0x24 (size before relaxing)
 .literal.prvProcessTimerOrBlockTask
                0x40080a3c        0x0 D:/msys32/home/Chengwuliang/esp/mcpwm_servo_control/build/freertos\libfreertos.a(timers.o)
                                 0x24 (size before relaxing)
 .literal.prvProcessReceivedCommands
                0x40080a3c        0x8 D:/msys32/home/Chengwuliang/esp/mcpwm_servo_control/build/freertos\libfreertos.a(timers.o)
                                 0x40 (size before relaxing)
 .literal.prvTimerTask
                0x40080a44        0x0 D:/msys32/home/Chengwuliang/esp/mcpwm_servo_control/build/freertos\libfreertos.a(timers.o)
                                  0xc (size before relaxing)
 .literal.prvReturnItemByteBuf
                0x40080a44        0xc D:/msys32/home/Chengwuliang/esp/mcpwm_servo_control/build/freertos\libfreertos.a(ringbuf.o)
                                 0x1c (size before relaxing)
 .literal.prvGetItemByteBuf
                0x40080a50        0x4 D:/msys32/home/Chengwuliang/esp/mcpwm_servo_control/build/freertos\libfreertos.a(ringbuf.o)
                                 0x24 (size before relaxing)
 .literal.prvCheckItemFitsByteBuffer
                0x40080a54        0x4 D:/msys32/home/Chengwuliang/esp/mcpwm_servo_control/build/freertos\libfreertos.a(ringbuf.o)
                                 0x14 (size before relaxing)
 .literal.prvReturnItemDefault
                0x40080a58        0x4 D:/msys32/home/Chengwuliang/esp/mcpwm_servo_control/build/freertos\libfreertos.a(ringbuf.o)
                                 0x44 (size before relaxing)
 .literal.prvGetItemDefault
                0x40080a5c        0x4 D:/msys32/home/Chengwuliang/esp/mcpwm_servo_control/build/freertos\libfreertos.a(ringbuf.o)
                                 0x4c (size before relaxing)
 .literal.prvCheckItemFitsDefault
                0x40080a60        0x4 D:/msys32/home/Chengwuliang/esp/mcpwm_servo_control/build/freertos\libfreertos.a(ringbuf.o)
                                 0x1c (size before relaxing)
 .literal.prvGetFreeSize
                0x40080a64        0x4 D:/msys32/home/Chengwuliang/esp/mcpwm_servo_control/build/freertos\libfreertos.a(ringbuf.o)
                                 0x14 (size before relaxing)
 .literal.prvCopyItemByteBuf
                0x40080a68        0x4 D:/msys32/home/Chengwuliang/esp/mcpwm_servo_control/build/freertos\libfreertos.a(ringbuf.o)
                                 0x1c (size before relaxing)
 .literal.prvCopyItemAllowSplit
                0x40080a6c        0x4 D:/msys32/home/Chengwuliang/esp/mcpwm_servo_control/build/freertos\libfreertos.a(ringbuf.o)
                                 0x2c (size before relaxing)
 .literal.prvCopyItemNoSplit
                0x40080a70        0x4 D:/msys32/home/Chengwuliang/esp/mcpwm_servo_control/build/freertos\libfreertos.a(ringbuf.o)
                                 0x28 (size before relaxing)
 .literal.prvReceiveGeneric
                0x40080a74        0x4 D:/msys32/home/Chengwuliang/esp/mcpwm_servo_control/build/freertos\libfreertos.a(ringbuf.o)
                                 0x3c (size before relaxing)
 .literal.prvReceiveGenericFromISR
                0x40080a78        0x4 D:/msys32/home/Chengwuliang/esp/mcpwm_servo_control/build/freertos\libfreertos.a(ringbuf.o)
                                 0x2c (size before relaxing)
 .literal.xRingbufferCreate
                0x40080a7c       0x38 D:/msys32/home/Chengwuliang/esp/mcpwm_servo_control/build/freertos\libfreertos.a(ringbuf.o)
                                 0x6c (size before relaxing)
 .literal.xRingbufferSend
                0x40080ab4        0x4 D:/msys32/home/Chengwuliang/esp/mcpwm_servo_control/build/freertos\libfreertos.a(ringbuf.o)
                                 0x40 (size before relaxing)
 .literal.xRingbufferSendFromISR
                0x40080ab8        0x4 D:/msys32/home/Chengwuliang/esp/mcpwm_servo_control/build/freertos\libfreertos.a(ringbuf.o)
                                 0x30 (size before relaxing)
 .literal.xRingbufferReceive
                0x40080abc        0x4 D:/msys32/home/Chengwuliang/esp/mcpwm_servo_control/build/freertos\libfreertos.a(ringbuf.o)
                                 0x18 (size before relaxing)
 .literal.xRingbufferReceiveFromISR
                0x40080ac0        0x4 D:/msys32/home/Chengwuliang/esp/mcpwm_servo_control/build/freertos\libfreertos.a(ringbuf.o)
                                 0x18 (size before relaxing)
 .literal.vRingbufferReturnItem
                0x40080ac4        0x4 D:/msys32/home/Chengwuliang/esp/mcpwm_servo_control/build/freertos\libfreertos.a(ringbuf.o)
                                 0x28 (size before relaxing)
 .literal.vRingbufferReturnItemFromISR
                0x40080ac8        0x4 D:/msys32/home/Chengwuliang/esp/mcpwm_servo_control/build/freertos\libfreertos.a(ringbuf.o)
                                 0x28 (size before relaxing)
 .literal.vRingbufferDelete
                0x40080acc        0x4 D:/msys32/home/Chengwuliang/esp/mcpwm_servo_control/build/freertos\libfreertos.a(ringbuf.o)
                                 0x24 (size before relaxing)
 .literal.get_prev_free_block
                0x40080ad0       0x10 D:/msys32/home/Chengwuliang/esp/mcpwm_servo_control/build/heap\libheap.a(multi_heap.o)
                                 0x28 (size before relaxing)
 .literal.split_if_necessary
                0x40080ae0       0x10 D:/msys32/home/Chengwuliang/esp/mcpwm_servo_control/build/heap\libheap.a(multi_heap.o)
                                 0x50 (size before relaxing)
 .literal.assert_valid_block
                0x40080af0        0x0 D:/msys32/home/Chengwuliang/esp/mcpwm_servo_control/build/heap\libheap.a(multi_heap.o)
                                 0x2c (size before relaxing)
 .literal.merge_adjacent
                0x40080af0        0x8 D:/msys32/home/Chengwuliang/esp/mcpwm_servo_control/build/heap\libheap.a(multi_heap.o)
                                 0x4c (size before relaxing)
 .literal.multi_heap_get_allocated_size_impl
                0x40080af8        0x0 D:/msys32/home/Chengwuliang/esp/mcpwm_servo_control/build/heap\libheap.a(multi_heap.o)
                                 0x10 (size before relaxing)
 .literal.multi_heap_malloc_impl
                0x40080af8        0x0 D:/msys32/home/Chengwuliang/esp/mcpwm_servo_control/build/heap\libheap.a(multi_heap.o)
                                 0x28 (size before relaxing)
 .literal.multi_heap_free_impl
                0x40080af8        0x0 D:/msys32/home/Chengwuliang/esp/mcpwm_servo_control/build/heap\libheap.a(multi_heap.o)
                                 0x50 (size before relaxing)
 .literal.multi_heap_realloc_impl
                0x40080af8        0x8 D:/msys32/home/Chengwuliang/esp/mcpwm_servo_control/build/heap\libheap.a(multi_heap.o)
                                 0x68 (size before relaxing)
 .literal.panicPutChar
                0x40080b00        0x8 D:/msys32/home/Chengwuliang/esp/mcpwm_servo_control/build/esp32\libesp32.a(panic.o)
 .literal.panicPutStr
                0x40080b08        0x0 D:/msys32/home/Chengwuliang/esp/mcpwm_servo_control/build/esp32\libesp32.a(panic.o)
                                  0x4 (size before relaxing)
 .literal.panicPutHex
                0x40080b08        0x0 D:/msys32/home/Chengwuliang/esp/mcpwm_servo_control/build/esp32\libesp32.a(panic.o)
                                  0x8 (size before relaxing)
 .literal.panicPutDec
                0x40080b08        0x4 D:/msys32/home/Chengwuliang/esp/mcpwm_servo_control/build/esp32\libesp32.a(panic.o)
                                 0x10 (size before relaxing)
 .literal.reconfigureAllWdts
                0x40080b0c        0xc D:/msys32/home/Chengwuliang/esp/mcpwm_servo_control/build/esp32\libesp32.a(panic.o)
                                 0x24 (size before relaxing)
 .literal.putEntry
                0x40080b18       0x10 D:/msys32/home/Chengwuliang/esp/mcpwm_servo_control/build/esp32\libesp32.a(panic.o)
                                 0x20 (size before relaxing)
 .literal.doBacktrace
                0x40080b28       0x10 D:/msys32/home/Chengwuliang/esp/mcpwm_servo_control/build/esp32\libesp32.a(panic.o)
                                 0x24 (size before relaxing)
 .literal.invoke_abort
                0x40080b38        0x4 D:/msys32/home/Chengwuliang/esp/mcpwm_servo_control/build/esp32\libesp32.a(panic.o)
                                  0x8 (size before relaxing)
 .literal.haltOtherCore
                0x40080b3c        0x0 D:/msys32/home/Chengwuliang/esp/mcpwm_servo_control/build/esp32\libesp32.a(panic.o)
                                  0x4 (size before relaxing)
 .literal.commonErrorHandler_dump
                0x40080b3c       0x30 D:/msys32/home/Chengwuliang/esp/mcpwm_servo_control/build/esp32\libesp32.a(panic.o)
                                 0x90 (size before relaxing)
 .literal.esp_panic_dig_reset
                0x40080b6c        0x0 D:/msys32/home/Chengwuliang/esp/mcpwm_servo_control/build/esp32\libesp32.a(panic.o)
                                 0x14 (size before relaxing)
 .literal.commonErrorHandler
                0x40080b6c        0x8 D:/msys32/home/Chengwuliang/esp/mcpwm_servo_control/build/esp32\libesp32.a(panic.o)
                                 0x4c (size before relaxing)
 .literal.abort
                0x40080b74        0x8 D:/msys32/home/Chengwuliang/esp/mcpwm_servo_control/build/esp32\libesp32.a(panic.o)
                                 0x18 (size before relaxing)
 .literal.vApplicationStackOverflowHook
                0x40080b7c        0x8 D:/msys32/home/Chengwuliang/esp/mcpwm_servo_control/build/esp32\libesp32.a(panic.o)
                                 0x18 (size before relaxing)
 .literal.panicHandler
                0x40080b84       0x34 D:/msys32/home/Chengwuliang/esp/mcpwm_servo_control/build/esp32\libesp32.a(panic.o)
                                 0xa8 (size before relaxing)
 .literal.xt_unhandled_exception
                0x40080bb8       0x18 D:/msys32/home/Chengwuliang/esp/mcpwm_servo_control/build/esp32\libesp32.a(panic.o)
                                 0x64 (size before relaxing)
 .literal._esp_error_check_failed
                0x40080bd0       0x14 D:/msys32/home/Chengwuliang/esp/mcpwm_servo_control/build/esp32\libesp32.a(panic.o)
                                 0x30 (size before relaxing)
 .literal.rtc_clk_32k_enable_common
                0x40080be4       0x14 D:/msys32/home/Chengwuliang/esp/mcpwm_servo_control/build/soc\libsoc.a(rtc_clk.o)
 .literal.rtc_clk_bbpll_disable
                0x40080bf8        0xc D:/msys32/home/Chengwuliang/esp/mcpwm_servo_control/build/soc\libsoc.a(rtc_clk.o)
                                 0x10 (size before relaxing)
 .literal.rtc_clk_bbpll_enable
                0x40080c04        0x4 D:/msys32/home/Chengwuliang/esp/mcpwm_servo_control/build/soc\libsoc.a(rtc_clk.o)
                                  0x8 (size before relaxing)
 .literal.rtc_clk_32k_enable
                0x40080c08        0x4 D:/msys32/home/Chengwuliang/esp/mcpwm_servo_control/build/soc\libsoc.a(rtc_clk.o)
                                  0xc (size before relaxing)
 .literal.rtc_clk_32k_enable_external
                0x40080c0c        0x0 D:/msys32/home/Chengwuliang/esp/mcpwm_servo_control/build/soc\libsoc.a(rtc_clk.o)
                                  0x4 (size before relaxing)
 .literal.rtc_clk_8m_enable
                0x40080c0c        0xc D:/msys32/home/Chengwuliang/esp/mcpwm_servo_control/build/soc\libsoc.a(rtc_clk.o)
                                 0x10 (size before relaxing)
 .literal.rtc_clk_slow_freq_set
                0x40080c18        0x0 D:/msys32/home/Chengwuliang/esp/mcpwm_servo_control/build/soc\libsoc.a(rtc_clk.o)
                                  0xc (size before relaxing)
 .literal.rtc_clk_slow_freq_get
                0x40080c18        0x0 D:/msys32/home/Chengwuliang/esp/mcpwm_servo_control/build/soc\libsoc.a(rtc_clk.o)
                                  0x4 (size before relaxing)
 .literal.rtc_clk_slow_freq_get_hz
                0x40080c18        0xc D:/msys32/home/Chengwuliang/esp/mcpwm_servo_control/build/soc\libsoc.a(rtc_clk.o)
                                 0x10 (size before relaxing)
 .literal.rtc_clk_fast_freq_set
                0x40080c24        0x4 D:/msys32/home/Chengwuliang/esp/mcpwm_servo_control/build/soc\libsoc.a(rtc_clk.o)
                                  0xc (size before relaxing)
 .literal.rtc_clk_bbpll_configure
                0x40080c28       0x10 D:/msys32/home/Chengwuliang/esp/mcpwm_servo_control/build/soc\libsoc.a(rtc_clk.o)
                                 0x3c (size before relaxing)
 .literal.rtc_clk_xtal_freq_get
                0x40080c38        0x4 D:/msys32/home/Chengwuliang/esp/mcpwm_servo_control/build/soc\libsoc.a(rtc_clk.o)
 .literal.rtc_clk_cpu_freq_mhz_to_config
                0x40080c3c        0x0 D:/msys32/home/Chengwuliang/esp/mcpwm_servo_control/build/soc\libsoc.a(rtc_clk.o)
                                  0x4 (size before relaxing)
 .literal.rtc_clk_cpu_freq_get_config
                0x40080c3c       0x14 D:/msys32/home/Chengwuliang/esp/mcpwm_servo_control/build/soc\libsoc.a(rtc_clk.o)
                                 0x28 (size before relaxing)
 .literal.rtc_clk_apb_freq_update
                0x40080c50        0x4 D:/msys32/home/Chengwuliang/esp/mcpwm_servo_control/build/soc\libsoc.a(rtc_clk.o)
 .literal.rtc_clk_cpu_freq_to_xtal
                0x40080c54        0xc D:/msys32/home/Chengwuliang/esp/mcpwm_servo_control/build/soc\libsoc.a(rtc_clk.o)
                                 0x34 (size before relaxing)
 .literal.rtc_clk_cpu_freq_set_xtal
                0x40080c60        0x0 D:/msys32/home/Chengwuliang/esp/mcpwm_servo_control/build/soc\libsoc.a(rtc_clk.o)
                                 0x10 (size before relaxing)
 .literal.rtc_clk_cpu_freq_to_pll_mhz
                0x40080c60       0x10 D:/msys32/home/Chengwuliang/esp/mcpwm_servo_control/build/soc\libsoc.a(rtc_clk.o)
                                 0x38 (size before relaxing)
 .literal.rtc_clk_cpu_freq_to_8m
                0x40080c70        0x4 D:/msys32/home/Chengwuliang/esp/mcpwm_servo_control/build/soc\libsoc.a(rtc_clk.o)
                                 0x2c (size before relaxing)
 .literal.rtc_clk_cpu_freq_set_config
                0x40080c74        0x0 D:/msys32/home/Chengwuliang/esp/mcpwm_servo_control/build/soc\libsoc.a(rtc_clk.o)
                                 0x30 (size before relaxing)
 .literal.rtc_clk_apb_freq_get
                0x40080c74        0x4 D:/msys32/home/Chengwuliang/esp/mcpwm_servo_control/build/soc\libsoc.a(rtc_clk.o)
                                 0x10 (size before relaxing)
 .literal.rtc_clk_cal_internal
                0x40080c78       0x2c D:/msys32/home/Chengwuliang/esp/mcpwm_servo_control/build/soc\libsoc.a(rtc_time.o)
                                 0x64 (size before relaxing)
 .literal.rtc_clk_cal
                0x40080ca4        0x0 D:/msys32/home/Chengwuliang/esp/mcpwm_servo_control/build/soc\libsoc.a(rtc_time.o)
                                  0xc (size before relaxing)
 .literal.rtc_time_get
                0x40080ca4       0x10 D:/msys32/home/Chengwuliang/esp/mcpwm_servo_control/build/soc\libsoc.a(rtc_time.o)
                                 0x18 (size before relaxing)
 .literal.rtc_clk_wait_for_slow_cycle
                0x40080cb4        0x8 D:/msys32/home/Chengwuliang/esp/mcpwm_servo_control/build/soc\libsoc.a(rtc_time.o)
                                 0x20 (size before relaxing)
 .literal.rtc_init
                0x40080cbc       0x74 D:/msys32/home/Chengwuliang/esp/mcpwm_servo_control/build/soc\libsoc.a(rtc_init.o)
                                 0xdc (size before relaxing)
 .literal.rtc_wdt_get_protect_status
                0x40080d30        0x8 D:/msys32/home/Chengwuliang/esp/mcpwm_servo_control/build/soc\libsoc.a(rtc_wdt.o)
 .literal.rtc_wdt_protect_off
                0x40080d38        0x0 D:/msys32/home/Chengwuliang/esp/mcpwm_servo_control/build/soc\libsoc.a(rtc_wdt.o)
                                  0x8 (size before relaxing)
 .literal.rtc_wdt_protect_on
                0x40080d38        0x0 D:/msys32/home/Chengwuliang/esp/mcpwm_servo_control/build/soc\libsoc.a(rtc_wdt.o)
                                  0x4 (size before relaxing)
 .literal.rtc_wdt_enable
                0x40080d38        0xc D:/msys32/home/Chengwuliang/esp/mcpwm_servo_control/build/soc\libsoc.a(rtc_wdt.o)
                                 0x10 (size before relaxing)
 .literal.rtc_wdt_feed
                0x40080d44        0x0 D:/msys32/home/Chengwuliang/esp/mcpwm_servo_control/build/soc\libsoc.a(rtc_wdt.o)
                                 0x14 (size before relaxing)
 .literal.rtc_wdt_set_time
                0x40080d44       0x14 D:/msys32/home/Chengwuliang/esp/mcpwm_servo_control/build/soc\libsoc.a(rtc_wdt.o)
                                 0x20 (size before relaxing)
 .literal.rtc_wdt_set_stage
                0x40080d58        0x8 D:/msys32/home/Chengwuliang/esp/mcpwm_servo_control/build/soc\libsoc.a(rtc_wdt.o)
                                 0x14 (size before relaxing)
 .literal.rtc_wdt_disable
                0x40080d60        0x0 D:/msys32/home/Chengwuliang/esp/mcpwm_servo_control/build/soc\libsoc.a(rtc_wdt.o)
                                 0x2c (size before relaxing)
 .literal.rtc_wdt_set_length_of_reset_signal
                0x40080d60        0x4 D:/msys32/home/Chengwuliang/esp/mcpwm_servo_control/build/soc\libsoc.a(rtc_wdt.o)
                                  0xc (size before relaxing)
 .literal.rtc_wdt_is_on
                0x40080d64        0x0 D:/msys32/home/Chengwuliang/esp/mcpwm_servo_control/build/soc\libsoc.a(rtc_wdt.o)
                                  0x4 (size before relaxing)
 .literal       0x40080d64        0x0 D:/msys32/home/ChengWuliang/esp/esp-idf/components/esp32/libhal.a(windowspill_asm.o)
                                  0x4 (size before relaxing)
 .literal.esp_rom_spiflash_read_status
                0x40080d64       0x10 D:/msys32/home/Chengwuliang/esp/mcpwm_servo_control/build/spi_flash\libspi_flash.a(spi_flash_rom_patch.o)
                                 0x14 (size before relaxing)
 .literal.esp_rom_spiflash_wait_idle
                0x40080d74        0x8 D:/msys32/home/Chengwuliang/esp/mcpwm_servo_control/build/spi_flash\libspi_flash.a(spi_flash_rom_patch.o)
                                  0xc (size before relaxing)
 .literal.esp_rom_spiflash_erase_block_internal
                0x40080d7c        0x4 D:/msys32/home/Chengwuliang/esp/mcpwm_servo_control/build/spi_flash\libspi_flash.a(spi_flash_rom_patch.o)
                                 0x18 (size before relaxing)
 .literal.esp_rom_spiflash_erase_sector_internal
                0x40080d80        0x0 D:/msys32/home/Chengwuliang/esp/mcpwm_servo_control/build/spi_flash\libspi_flash.a(spi_flash_rom_patch.o)
                                 0x18 (size before relaxing)
 .literal.esp_rom_spiflash_read_data
                0x40080d80       0x18 D:/msys32/home/Chengwuliang/esp/mcpwm_servo_control/build/spi_flash\libspi_flash.a(spi_flash_rom_patch.o)
                                 0x34 (size before relaxing)
 .literal.esp_rom_spiflash_enable_write
                0x40080d98        0x0 D:/msys32/home/Chengwuliang/esp/mcpwm_servo_control/build/spi_flash\libspi_flash.a(spi_flash_rom_patch.o)
                                 0x10 (size before relaxing)
 .literal.esp_rom_spiflash_program_page_internal
                0x40080d98       0x10 D:/msys32/home/Chengwuliang/esp/mcpwm_servo_control/build/spi_flash\libspi_flash.a(spi_flash_rom_patch.o)
                                 0x40 (size before relaxing)
 .literal.esp_rom_spiflash_read_statushigh
                0x40080da8        0x4 D:/msys32/home/Chengwuliang/esp/mcpwm_servo_control/build/spi_flash\libspi_flash.a(spi_flash_rom_patch.o)
                                  0xc (size before relaxing)
 .literal.esp_rom_spiflash_write_status
                0x40080dac        0x4 D:/msys32/home/Chengwuliang/esp/mcpwm_servo_control/build/spi_flash\libspi_flash.a(spi_flash_rom_patch.o)
                                 0x14 (size before relaxing)
 .literal.esp_rom_spiflash_unlock
                0x40080db0        0x8 D:/msys32/home/Chengwuliang/esp/mcpwm_servo_control/build/spi_flash\libspi_flash.a(spi_flash_rom_patch.o)
                                 0x28 (size before relaxing)
 .literal.esp_rom_spiflash_erase_block
                0x40080db8        0xc D:/msys32/home/Chengwuliang/esp/mcpwm_servo_control/build/spi_flash\libspi_flash.a(spi_flash_rom_patch.o)
                                 0x20 (size before relaxing)
 .literal.esp_rom_spiflash_erase_sector
                0x40080dc4        0x0 D:/msys32/home/Chengwuliang/esp/mcpwm_servo_control/build/spi_flash\libspi_flash.a(spi_flash_rom_patch.o)
                                 0x20 (size before relaxing)
 .literal.esp_rom_spiflash_write
                0x40080dc4        0x0 D:/msys32/home/Chengwuliang/esp/mcpwm_servo_control/build/spi_flash\libspi_flash.a(spi_flash_rom_patch.o)
                                 0x28 (size before relaxing)
 .literal.esp_rom_spiflash_write_encrypted
                0x40080dc4        0xc D:/msys32/home/Chengwuliang/esp/mcpwm_servo_control/build/spi_flash\libspi_flash.a(spi_flash_rom_patch.o)
                                 0x10 (size before relaxing)
 .literal.esp_rom_spiflash_read
                0x40080dd0       0x30 D:/msys32/home/Chengwuliang/esp/mcpwm_servo_control/build/spi_flash\libspi_flash.a(spi_flash_rom_patch.o)
                                 0x5c (size before relaxing)
 .literal       0x40080e00       0x10 D:/msys32/home/ChengWuliang/esp/esp-idf/components/newlib/lib/libm.a(lib_a-s_fpclassify.o)
                                 0x18 (size before relaxing)
 .iram1         0x40080e10      0x25a D:/msys32/home/Chengwuliang/esp/mcpwm_servo_control/build/esp32\libesp32.a(cpu_start.o)
                                0x30e (size before relaxing)
                0x40080e10                start_cpu0_default
                0x40080e10                start_cpu0
                0x40080ee0                start_cpu1
                0x40080ee0                start_cpu1_default
                0x40080f5c                call_start_cpu0
 *fill*         0x4008106a        0x2 
 .iram1         0x4008106c       0x5c D:/msys32/home/Chengwuliang/esp/mcpwm_servo_control/build/esp32\libesp32.a(reset_reason.o)
                                 0x60 (size before relaxing)
                0x4008106c                esp_reset_reason_set_hint
                0x4008109c                esp_reset_reason_get_hint
 .iram1         0x400810c8       0xda D:/msys32/home/Chengwuliang/esp/mcpwm_servo_control/build/esp32\libesp32.a(dport_panic_highint_hdl.o)
                0x400810c8                xt_highint4
                0x400811a2                ld_include_panic_highint_hdl
 *fill*         0x400811a2        0x2 
 .iram1         0x400811a4       0x53 D:/msys32/home/Chengwuliang/esp/mcpwm_servo_control/build/esp32\libesp32.a(int_wdt.o)
 *fill*         0x400811f7        0x1 
 .iram1         0x400811f8      0x1f1 D:/msys32/home/Chengwuliang/esp/mcpwm_servo_control/build/esp32\libesp32.a(system_api.o)
                                0x244 (size before relaxing)
                0x40081270                esp_restart_noos
                0x400813c8                system_restart
                0x400813c8                esp_restart
 *fill*         0x400813e9        0x3 
 .iram1         0x400813ec      0x1e3 D:/msys32/home/Chengwuliang/esp/mcpwm_servo_control/build/esp32\libesp32.a(dport_access.o)
                                0x1ef (size before relaxing)
                0x400813ec                esp_dport_access_stall_other_cpu_start
                0x4008149c                esp_dport_access_stall_other_cpu_end
                0x40081518                esp_dport_access_stall_other_cpu_start_wrap
                0x40081520                esp_dport_access_stall_other_cpu_end_wrap
                0x40081528                esp_dport_access_int_pause
                0x4008154c                esp_dport_access_int_abort
                0x40081560                esp_dport_access_int_resume
                0x40081584                esp_dport_access_reg_read
                0x4008159c                esp_dport_access_sequence_reg_read
                0x400815a8                esp_dport_access_read_buffer
 *fill*         0x400815cf        0x1 
 .iram1         0x400815d0      0x205 D:/msys32/home/Chengwuliang/esp/mcpwm_servo_control/build/esp32\libesp32.a(esp_timer.o)
                                0x219 (size before relaxing)
                0x400816ec                esp_timer_stop
                0x40081710                esp_timer_get_next_alarm
                0x40081730                esp_timer_get_time
                0x40081740                esp_timer_start_once
                0x40081784                esp_timer_start_periodic
 *fill*         0x400817d5        0x3 
 .iram1         0x400817d8      0x2b6 D:/msys32/home/Chengwuliang/esp/mcpwm_servo_control/build/esp32\libesp32.a(intr_alloc.o)
                                0x2ce (size before relaxing)
                0x40081814                esp_intr_set_in_iram
                0x4008189c                esp_intr_enable
                0x40081924                esp_intr_disable
                0x400819ec                esp_intr_noniram_disable
                0x40081a38                esp_intr_noniram_enable
                0x40081a78                ets_isr_unmask
                0x40081a84                ets_isr_mask
 *fill*         0x40081a8e        0x2 
 .iram1         0x40081a90       0x7f D:/msys32/home/Chengwuliang/esp/mcpwm_servo_control/build/esp32\libesp32.a(ipc.o)
                                 0x8b (size before relaxing)
 *fill*         0x40081b0f        0x1 
 .iram1         0x40081b10       0x2c D:/msys32/home/Chengwuliang/esp/mcpwm_servo_control/build/esp32\libesp32.a(cache_err_int.o)
                                 0x34 (size before relaxing)
                0x40081b10                esp_cache_err_get_cpuid
 .iram1         0x40081b3c       0x27 D:/msys32/home/Chengwuliang/esp/mcpwm_servo_control/build/esp32\libesp32.a(freertos_hooks.o)
                0x40081b3c                esp_vApplicationTickHook
 *fill*         0x40081b63        0x1 
 .iram1         0x40081b64       0x47 D:/msys32/home/Chengwuliang/esp/mcpwm_servo_control/build/esp32\libesp32.a(clk.o)
                                 0x4b (size before relaxing)
                0x40081b64                esp_clk_cpu_freq
                0x40081b74                esp_clk_apb_freq
                0x40081b8c                esp_clk_xtal_freq
                0x40081b9c                ets_update_cpu_frequency
 *fill*         0x40081bab        0x1 
 .iram1         0x40081bac      0x4af D:/msys32/home/Chengwuliang/esp/mcpwm_servo_control/build/esp32\libesp32.a(esp_timer_esp32.o)
                                0x4bb (size before relaxing)
                0x40081cd0                esp_timer_impl_get_time
                0x40081e40                esp_timer_impl_set_alarm
                0x40081f88                esp_timer_impl_update_apb_freq
                0x40082050                esp_timer_impl_get_min_period_us
 *fill*         0x4008205b        0x1 
 .iram1         0x4008205c       0xb0 D:/msys32/home/Chengwuliang/esp/mcpwm_servo_control/build/esp32\libesp32.a(crosscore_int.o)
                                 0xc0 (size before relaxing)
                0x400820f4                esp_crosscore_int_send_yield
                0x40082100                esp_crosscore_int_send_freq_switch
 .iram1         0x4008210c       0x1a D:/msys32/home/Chengwuliang/esp/mcpwm_servo_control/build/freertos\libfreertos.a(port.o)
                0x4008210c                xPortInterruptedFromISRContext
 *fill*         0x40082126        0x2 
 .iram1         0x40082128      0x4b4 D:/msys32/home/Chengwuliang/esp/mcpwm_servo_control/build/freertos\libfreertos.a(xtensa_vectors.o)
                0x40082128                _xt_panic
                0x40082240                _xt_user_exit
                0x4008252c                _xt_medint2_exit
                0x400825c8                _xt_medint3_exit
 .iram1         0x400825dc      0x3f1 D:/msys32/home/Chengwuliang/esp/mcpwm_servo_control/build/heap\libheap.a(heap_caps.o)
                                0x40d (size before relaxing)
                0x4008266c                heap_caps_malloc
                0x4008270c                heap_caps_malloc_default
                0x40082750                heap_caps_malloc_prefer
                0x400827a8                heap_caps_free
                0x400827e0                heap_caps_realloc
                0x4008288c                heap_caps_realloc_default
                0x400828e4                heap_caps_realloc_prefer
                0x40082948                heap_caps_calloc
                0x40082978                heap_caps_calloc_prefer
 *fill*         0x400829cd        0x3 
 .iram1         0x400829d0      0x18a D:/msys32/home/Chengwuliang/esp/mcpwm_servo_control/build/log\liblog.a(log.o)
                                0x19a (size before relaxing)
                0x400829d0                esp_log_write
                0x40082b00                esp_log_early_timestamp
                0x40082b1c                esp_log_timestamp
 *fill*         0x40082b5a        0x2 
 .iram1         0x40082b5c       0xd8 D:/msys32/home/Chengwuliang/esp/mcpwm_servo_control/build/main\libmain.a(mcpwm_servo_control_example.o)
                0x40082b5c                timer_group0_isr
 .iram1         0x40082c34      0x1cc D:/msys32/home/Chengwuliang/esp/mcpwm_servo_control/build/newlib\libnewlib.a(locks.o)
                                0x210 (size before relaxing)
                0x40082d4c                _lock_init
                0x40082d5c                _lock_init_recursive
                0x40082d6c                _lock_close
                0x40082da8                _lock_acquire
                0x40082db8                _lock_acquire_recursive
                0x40082dc8                _lock_try_acquire
                0x40082dd8                _lock_try_acquire_recursive
                0x40082de8                _lock_release
                0x40082df4                _lock_release_recursive
 .iram1         0x40082e00       0x5a D:/msys32/home/Chengwuliang/esp/mcpwm_servo_control/build/newlib\libnewlib.a(syscalls.o)
                                 0x62 (size before relaxing)
                0x40082e00                _malloc_r
                0x40082e0c                _free_r
                0x40082e18                _realloc_r
                0x40082e2c                _calloc_r
 *fill*         0x40082e5a        0x2 
 .iram1         0x40082e5c       0x3c D:/msys32/home/Chengwuliang/esp/mcpwm_servo_control/build/newlib\libnewlib.a(reent_init.o)
                0x40082e5c                esp_reent_init
 .iram1         0x40082e98       0x70 D:/msys32/home/Chengwuliang/esp/mcpwm_servo_control/build/newlib\libnewlib.a(time.o)
                                 0x74 (size before relaxing)
                0x40082e98                _gettimeofday_r
                0x40082ee0                _times_r
 .iram1         0x40082f08      0x11a D:/msys32/home/Chengwuliang/esp/mcpwm_servo_control/build/soc\libsoc.a(cpu_util.o)
                0x40082f08                esp_cpu_stall
                0x40082f9c                esp_cpu_unstall
                0x40082ff0                esp_cpu_reset
                0x40083014                esp_cpu_in_ocd_debug_mode
 *fill*         0x40083022        0x2 
 .iram1         0x40083024      0x722 D:/msys32/home/Chengwuliang/esp/mcpwm_servo_control/build/spi_flash\libspi_flash.a(flash_ops.o)
                                0x74a (size before relaxing)
                0x40083094                spi_flash_guard_set
                0x400830a0                spi_flash_guard_get
                0x400830ac                spi_flash_get_chip_size
                0x400830b8                spi_flash_erase_range
                0x40083170                spi_flash_erase_sector
                0x40083194                spi_flash_write
                0x4008335c                spi_flash_read
                0x400835f4                spi_flash_read_encrypted
                0x4008363c                spi_flash_write_encrypted
 *fill*         0x40083746        0x2 
 .iram1         0x40083748      0x2f4 D:/msys32/home/Chengwuliang/esp/mcpwm_servo_control/build/spi_flash\libspi_flash.a(cache_utils.o)
                                0x340 (size before relaxing)
                0x400837ac                spi_flash_op_block_func
                0x40083858                spi_flash_disable_interrupts_caches_and_other_cpu
                0x40083938                spi_flash_enable_interrupts_caches_and_other_cpu
                0x400839d0                spi_flash_disable_interrupts_caches_and_other_cpu_no_os
                0x400839fc                spi_flash_enable_interrupts_caches_no_os
                0x40083a18                spi_flash_cache_enabled
 .iram1         0x40083a3c      0x4ce D:/msys32/home/Chengwuliang/esp/mcpwm_servo_control/build/spi_flash\libspi_flash.a(flash_mmap.o)
                                0x502 (size before relaxing)
                0x40083b68                spi_flash_mmap_pages
                0x40083da8                spi_flash_mmap
                0x40083e1c                spi_flash_munmap
                0x40083ec0                spi_flash_mark_modified_region
 *fill*         0x40083f0a        0x2 
 .iram1         0x40083f0c       0x20 D:/msys32/home/Chengwuliang/esp/mcpwm_servo_control/build/esp32\libesp32.a(dbg_stubs.o)
 *fill*         0x40083f2c        0x0 
 *fill*         0x40083f2c        0x0 
 *fill*         0x40083f2c        0x0 
 *fill*         0x40083f2c        0x0 
 *fill*         0x40083f2c        0x0 
 *fill*         0x40083f2c        0x0 
 *fill*         0x40083f2c        0x0 
 *fill*         0x40083f2c        0x0 
 *fill*         0x40083f2c        0x0 
 *fill*         0x40083f2c        0x0 
 .iram1         0x40083f2c       0x2e D:/msys32/home/Chengwuliang/esp/mcpwm_servo_control/build/freertos\libfreertos.a(xtensa_vector_defaults.o)
                0x40083f2c                xt_debugexception
                0x40083f4c                xt_highint5
                0x40083f54                xt_nmi
                0x40083f54                _xt_nmi
 *fill*         0x40083f5a        0x0 
 *fill*         0x40083f5a        0x0 
 *fill*         0x40083f5a        0x0 
 *fill*         0x40083f5a        0x0 
 *fill*         0x40083f5a        0x0 
 *fill*         0x40083f5a        0x0 
 *libfreertos.a:(.literal .text .literal.* .text.*)
 *fill*         0x40083f5a        0x2 
 .text.prvResetNextTaskUnblockTime
                0x40083f5c       0x34 D:/msys32/home/Chengwuliang/esp/mcpwm_servo_control/build/freertos\libfreertos.a(tasks.o)
 .text.prvDeleteTLS
                0x40083f90       0x40 D:/msys32/home/Chengwuliang/esp/mcpwm_servo_control/build/freertos\libfreertos.a(tasks.o)
 .text.prvInitialiseNewTask
                0x40083fd0       0xc4 D:/msys32/home/Chengwuliang/esp/mcpwm_servo_control/build/freertos\libfreertos.a(tasks.o)
                                 0xd0 (size before relaxing)
 .text.prvInitialiseTaskLists
                0x40084094       0x5a D:/msys32/home/Chengwuliang/esp/mcpwm_servo_control/build/freertos\libfreertos.a(tasks.o)
                                 0x6e (size before relaxing)
 *fill*         0x400840ee        0x2 
 .text.prvDeleteTCB
                0x400840f0       0x56 D:/msys32/home/Chengwuliang/esp/mcpwm_servo_control/build/freertos\libfreertos.a(tasks.o)
                                 0x5d (size before relaxing)
 *fill*         0x40084146        0x2 
 .text.prvAddCurrentTaskToDelayedList
                0x40084148       0x66 D:/msys32/home/Chengwuliang/esp/mcpwm_servo_control/build/freertos\libfreertos.a(tasks.o)
                                 0x6a (size before relaxing)
 *fill*         0x400841ae        0x2 
 .text.taskYIELD_OTHER_CORE
                0x400841b0       0x53 D:/msys32/home/Chengwuliang/esp/mcpwm_servo_control/build/freertos\libfreertos.a(tasks.o)
                0x400841b0                taskYIELD_OTHER_CORE
 *fill*         0x40084203        0x1 
 .text.vTaskSuspendAll
                0x40084204       0x26 D:/msys32/home/Chengwuliang/esp/mcpwm_servo_control/build/freertos\libfreertos.a(tasks.o)
                0x40084204                vTaskSuspendAll
 *fill*         0x4008422a        0x2 
 .text.xTaskGetIdleTaskHandleForCPU
                0x4008422c       0x2a D:/msys32/home/Chengwuliang/esp/mcpwm_servo_control/build/freertos\libfreertos.a(tasks.o)
                                 0x2e (size before relaxing)
                0x4008422c                xTaskGetIdleTaskHandleForCPU
 *fill*         0x40084256        0x2 
 .text.vTaskSwitchContext
                0x40084258      0x27e D:/msys32/home/Chengwuliang/esp/mcpwm_servo_control/build/freertos\libfreertos.a(tasks.o)
                                0x28a (size before relaxing)
                0x40084258                vTaskSwitchContext
 *fill*         0x400844d6        0x2 
 .text.vTaskSetTimeOutState
                0x400844d8       0x34 D:/msys32/home/Chengwuliang/esp/mcpwm_servo_control/build/freertos\libfreertos.a(tasks.o)
                0x400844d8                vTaskSetTimeOutState
 .text.xTaskGetCurrentTaskHandle
                0x4008450c       0x1f D:/msys32/home/Chengwuliang/esp/mcpwm_servo_control/build/freertos\libfreertos.a(tasks.o)
                0x4008450c                xTaskGetCurrentTaskHandle
 *fill*         0x4008452b        0x1 
 .text.__getreent
                0x4008452c       0x19 D:/msys32/home/Chengwuliang/esp/mcpwm_servo_control/build/freertos\libfreertos.a(tasks.o)
                0x4008452c                __getreent
 *fill*         0x40084545        0x3 
 .text.pcTaskGetTaskName
                0x40084548       0x2a D:/msys32/home/Chengwuliang/esp/mcpwm_servo_control/build/freertos\libfreertos.a(tasks.o)
                                 0x2d (size before relaxing)
                0x40084548                pcTaskGetTaskName
 *fill*         0x40084572        0x2 
 .text.xTaskGetAffinity
                0x40084574       0x10 D:/msys32/home/Chengwuliang/esp/mcpwm_servo_control/build/freertos\libfreertos.a(tasks.o)
                                 0x13 (size before relaxing)
                0x40084574                xTaskGetAffinity
 *fill*         0x40084584        0x0 
 .text.xTaskGetCurrentTaskHandleForCPU
                0x40084584       0x18 D:/msys32/home/Chengwuliang/esp/mcpwm_servo_control/build/freertos\libfreertos.a(tasks.o)
                0x40084584                xTaskGetCurrentTaskHandleForCPU
 .text.xTaskGetSchedulerState
                0x4008459c       0x37 D:/msys32/home/Chengwuliang/esp/mcpwm_servo_control/build/freertos\libfreertos.a(tasks.o)
                0x4008459c                xTaskGetSchedulerState
 *fill*         0x400845d3        0x1 
 .text.vTaskEnterCritical
                0x400845d4       0xac D:/msys32/home/Chengwuliang/esp/mcpwm_servo_control/build/freertos\libfreertos.a(tasks.o)
                                 0xb3 (size before relaxing)
                0x400845d4                vTaskEnterCritical
 *fill*         0x40084680        0x0 
 .text.vTaskExitCritical
                0x40084680       0x77 D:/msys32/home/Chengwuliang/esp/mcpwm_servo_control/build/freertos\libfreertos.a(tasks.o)
                0x40084680                vTaskExitCritical
 *fill*         0x400846f7        0x1 
 .text.prvAddNewTaskToReadyList
                0x400846f8      0x160 D:/msys32/home/Chengwuliang/esp/mcpwm_servo_control/build/freertos\libfreertos.a(tasks.o)
                                0x173 (size before relaxing)
 *fill*         0x40084858        0x0 
 .text.xTaskCreatePinnedToCore
                0x40084858       0x6e D:/msys32/home/Chengwuliang/esp/mcpwm_servo_control/build/freertos\libfreertos.a(tasks.o)
                                 0x76 (size before relaxing)
                0x40084858                xTaskCreatePinnedToCore
 *fill*         0x400848c6        0x2 
 .text.vTaskStartScheduler
                0x400848c8       0x77 D:/msys32/home/Chengwuliang/esp/mcpwm_servo_control/build/freertos\libfreertos.a(tasks.o)
                                 0x82 (size before relaxing)
                0x400848c8                vTaskStartScheduler
 *fill*         0x4008493f        0x1 
 .text.vTaskDelete
                0x40084940      0x10a D:/msys32/home/Chengwuliang/esp/mcpwm_servo_control/build/freertos\libfreertos.a(tasks.o)
                                0x122 (size before relaxing)
                0x40084940                vTaskDelete
 *fill*         0x40084a4a        0x2 
 .text.uxTaskPriorityGet
                0x40084a4c       0x1c D:/msys32/home/Chengwuliang/esp/mcpwm_servo_control/build/freertos\libfreertos.a(tasks.o)
                                 0x23 (size before relaxing)
                0x40084a4c                uxTaskPriorityGet
 *fill*         0x40084a68        0x0 
 .text.vTaskPrioritySet
                0x40084a68      0x12d D:/msys32/home/Chengwuliang/esp/mcpwm_servo_control/build/freertos\libfreertos.a(tasks.o)
                                0x143 (size before relaxing)
                0x40084a68                vTaskPrioritySet
 *fill*         0x40084b95        0x3 
 .text.prvCheckTasksWaitingTermination
                0x40084b98       0xbe D:/msys32/home/Chengwuliang/esp/mcpwm_servo_control/build/freertos\libfreertos.a(tasks.o)
                                 0xc6 (size before relaxing)
 *fill*         0x40084c56        0x2 
 .text.prvIdleTask
                0x40084c58        0xf D:/msys32/home/Chengwuliang/esp/mcpwm_servo_control/build/freertos\libfreertos.a(tasks.o)
                                 0x18 (size before relaxing)
 *fill*         0x40084c67        0x1 
 .text.xTaskGetTickCount
                0x40084c68       0x1c D:/msys32/home/Chengwuliang/esp/mcpwm_servo_control/build/freertos\libfreertos.a(tasks.o)
                                 0x20 (size before relaxing)
                0x40084c68                xTaskGetTickCount
 .text.xTaskIncrementTick
                0x40084c84      0x1b2 D:/msys32/home/Chengwuliang/esp/mcpwm_servo_control/build/freertos\libfreertos.a(tasks.o)
                                0x1ce (size before relaxing)
                0x40084c84                xTaskIncrementTick
 *fill*         0x40084e36        0x2 
 .text.xTaskResumeAll
                0x40084e38      0x177 D:/msys32/home/Chengwuliang/esp/mcpwm_servo_control/build/freertos\libfreertos.a(tasks.o)
                                0x186 (size before relaxing)
                0x40084e38                xTaskResumeAll
 *fill*         0x40084faf        0x1 
 .text.vTaskPlaceOnEventList
                0x40084fb0       0x83 D:/msys32/home/Chengwuliang/esp/mcpwm_servo_control/build/freertos\libfreertos.a(tasks.o)
                                 0x97 (size before relaxing)
                0x40084fb0                vTaskPlaceOnEventList
 *fill*         0x40085033        0x1 
 .text.vTaskPlaceOnEventListRestricted
                0x40085034       0x5b D:/msys32/home/Chengwuliang/esp/mcpwm_servo_control/build/freertos\libfreertos.a(tasks.o)
                                 0x6f (size before relaxing)
                0x40085034                vTaskPlaceOnEventListRestricted
 *fill*         0x4008508f        0x1 
 .text.xTaskRemoveFromEventList
                0x40085090      0x134 D:/msys32/home/Chengwuliang/esp/mcpwm_servo_control/build/freertos\libfreertos.a(tasks.o)
                                0x143 (size before relaxing)
                0x40085090                xTaskRemoveFromEventList
 *fill*         0x400851c4        0x0 
 .text.xTaskCheckForTimeOut
                0x400851c4       0x89 D:/msys32/home/Chengwuliang/esp/mcpwm_servo_control/build/freertos\libfreertos.a(tasks.o)
                                 0x94 (size before relaxing)
                0x400851c4                xTaskCheckForTimeOut
 *fill*         0x4008524d        0x3 
 .text.vTaskPriorityInherit
                0x40085250       0xc4 D:/msys32/home/Chengwuliang/esp/mcpwm_servo_control/build/freertos\libfreertos.a(tasks.o)
                                 0xdb (size before relaxing)
                0x40085250                vTaskPriorityInherit
 *fill*         0x40085314        0x0 
 .text.xTaskPriorityDisinherit
                0x40085314       0x97 D:/msys32/home/Chengwuliang/esp/mcpwm_servo_control/build/freertos\libfreertos.a(tasks.o)
                                 0xaa (size before relaxing)
                0x40085314                xTaskPriorityDisinherit
 *fill*         0x400853ab        0x1 
 .text.pvTaskIncrementMutexHeldCount
                0x400853ac       0x50 D:/msys32/home/Chengwuliang/esp/mcpwm_servo_control/build/freertos\libfreertos.a(tasks.o)
                                 0x54 (size before relaxing)
                0x400853ac                pvTaskIncrementMutexHeldCount
 .text.pxPortInitialiseStack
                0x400853fc       0x86 D:/msys32/home/Chengwuliang/esp/mcpwm_servo_control/build/freertos\libfreertos.a(port.o)
                0x400853fc                pxPortInitialiseStack
 *fill*         0x40085482        0x2 
 .text.xPortStartScheduler
                0x40085484       0x22 D:/msys32/home/Chengwuliang/esp/mcpwm_servo_control/build/freertos\libfreertos.a(port.o)
                                 0x2e (size before relaxing)
                0x40085484                xPortStartScheduler
 *fill*         0x400854a6        0x2 
 .text.xPortSysTickHandler
                0x400854a8       0x10 D:/msys32/home/Chengwuliang/esp/mcpwm_servo_control/build/freertos\libfreertos.a(port.o)
                                 0x16 (size before relaxing)
                0x400854a8                xPortSysTickHandler
 *fill*         0x400854b8        0x0 
 .text.vPortYieldOtherCore
                0x400854b8        0xa D:/msys32/home/Chengwuliang/esp/mcpwm_servo_control/build/freertos\libfreertos.a(port.o)
                                  0xe (size before relaxing)
                0x400854b8                vPortYieldOtherCore
 *fill*         0x400854c2        0x2 
 .text.vPortReleaseTaskMPUSettings
                0x400854c4        0xa D:/msys32/home/Chengwuliang/esp/mcpwm_servo_control/build/freertos\libfreertos.a(port.o)
                                  0xe (size before relaxing)
                0x400854c4                vPortReleaseTaskMPUSettings
 *fill*         0x400854ce        0x2 
 .text.xPortInIsrContext
                0x400854d0       0x26 D:/msys32/home/Chengwuliang/esp/mcpwm_servo_control/build/freertos\libfreertos.a(port.o)
                0x400854d0                xPortInIsrContext
 *fill*         0x400854f6        0x2 
 .text.vPortCPUInitializeMutex
                0x400854f8        0xe D:/msys32/home/Chengwuliang/esp/mcpwm_servo_control/build/freertos\libfreertos.a(port.o)
                0x400854f8                vPortCPUInitializeMutex
 *fill*         0x40085506        0x2 
 .text.vPortCPUAcquireMutex
                0x40085508       0x81 D:/msys32/home/Chengwuliang/esp/mcpwm_servo_control/build/freertos\libfreertos.a(port.o)
                                 0x88 (size before relaxing)
                0x40085508                vPortCPUAcquireMutex
 *fill*         0x40085589        0x3 
 .text.vPortCPUReleaseMutex
                0x4008558c       0x4d D:/msys32/home/Chengwuliang/esp/mcpwm_servo_control/build/freertos\libfreertos.a(port.o)
                                 0x50 (size before relaxing)
                0x4008558c                vPortCPUReleaseMutex
 *fill*         0x400855d9        0x3 
 .text._xt_tick_divisor_init
                0x400855dc       0x1c D:/msys32/home/Chengwuliang/esp/mcpwm_servo_control/build/freertos\libfreertos.a(xtensa_init.o)
                                 0x1f (size before relaxing)
                0x400855dc                _xt_tick_divisor_init
 *fill*         0x400855f8        0x0 
 .text.prvIsQueueFull
                0x400855f8       0x2a D:/msys32/home/Chengwuliang/esp/mcpwm_servo_control/build/freertos\libfreertos.a(queue.o)
 *fill*         0x40085622        0x2 
 .text.prvCopyDataToQueue
                0x40085624       0x9e D:/msys32/home/Chengwuliang/esp/mcpwm_servo_control/build/freertos\libfreertos.a(queue.o)
 *fill*         0x400856c2        0x2 
 .text.prvNotifyQueueSetContainer
                0x400856c4       0x77 D:/msys32/home/Chengwuliang/esp/mcpwm_servo_control/build/freertos\libfreertos.a(queue.o)
                                 0x8a (size before relaxing)
 *fill*         0x4008573b        0x1 
 .text.prvCopyDataFromQueue
                0x4008573c       0x24 D:/msys32/home/Chengwuliang/esp/mcpwm_servo_control/build/freertos\libfreertos.a(queue.o)
 .text.xQueueGenericReset
                0x40085760       0x86 D:/msys32/home/Chengwuliang/esp/mcpwm_servo_control/build/freertos\libfreertos.a(queue.o)
                                 0x96 (size before relaxing)
                0x40085760                xQueueGenericReset
 *fill*         0x400857e6        0x2 
 .text.prvInitialiseNewQueue
                0x400857e8       0x1f D:/msys32/home/Chengwuliang/esp/mcpwm_servo_control/build/freertos\libfreertos.a(queue.o)
                                 0x23 (size before relaxing)
 *fill*         0x40085807        0x1 
 .text.xQueueGenericCreate
                0x40085808       0x49 D:/msys32/home/Chengwuliang/esp/mcpwm_servo_control/build/freertos\libfreertos.a(queue.o)
                                 0x4d (size before relaxing)
                0x40085808                xQueueGenericCreate
 *fill*         0x40085851        0x3 
 .text.xQueueGetMutexHolder
                0x40085854       0x23 D:/msys32/home/Chengwuliang/esp/mcpwm_servo_control/build/freertos\libfreertos.a(queue.o)
                0x40085854                xQueueGetMutexHolder
 *fill*         0x40085877        0x1 
 .text.xQueueCreateCountingSemaphore
                0x40085878       0x66 D:/msys32/home/Chengwuliang/esp/mcpwm_servo_control/build/freertos\libfreertos.a(queue.o)
                                 0x6a (size before relaxing)
                0x40085878                xQueueCreateCountingSemaphore
 *fill*         0x400858de        0x2 
 .text.xQueueGenericSend
                0x400858e0      0x158 D:/msys32/home/Chengwuliang/esp/mcpwm_servo_control/build/freertos\libfreertos.a(queue.o)
                                0x18c (size before relaxing)
                0x400858e0                xQueueGenericSend
 .text.prvInitialiseMutex
                0x40085a38       0x22 D:/msys32/home/Chengwuliang/esp/mcpwm_servo_control/build/freertos\libfreertos.a(queue.o)
                                 0x26 (size before relaxing)
 *fill*         0x40085a5a        0x2 
 .text.xQueueCreateMutex
                0x40085a5c       0x16 D:/msys32/home/Chengwuliang/esp/mcpwm_servo_control/build/freertos\libfreertos.a(queue.o)
                                 0x1a (size before relaxing)
                0x40085a5c                xQueueCreateMutex
 *fill*         0x40085a72        0x2 
 .text.xQueueGiveMutexRecursive
                0x40085a74       0x48 D:/msys32/home/Chengwuliang/esp/mcpwm_servo_control/build/freertos\libfreertos.a(queue.o)
                                 0x4c (size before relaxing)
                0x40085a74                xQueueGiveMutexRecursive
 .text.xQueueGenericSendFromISR
                0x40085abc       0xd6 D:/msys32/home/Chengwuliang/esp/mcpwm_servo_control/build/freertos\libfreertos.a(queue.o)
                                 0xe6 (size before relaxing)
                0x40085abc                xQueueGenericSendFromISR
 *fill*         0x40085b92        0x2 
 .text.xQueueGiveFromISR
                0x40085b94       0xb6 D:/msys32/home/Chengwuliang/esp/mcpwm_servo_control/build/freertos\libfreertos.a(queue.o)
                                 0xc2 (size before relaxing)
                0x40085b94                xQueueGiveFromISR
 *fill*         0x40085c4a        0x2 
 .text.xQueueGenericReceive
                0x40085c4c      0x144 D:/msys32/home/Chengwuliang/esp/mcpwm_servo_control/build/freertos\libfreertos.a(queue.o)
                                0x178 (size before relaxing)
                0x40085c4c                xQueueGenericReceive
 .text.xQueueTakeMutexRecursive
                0x40085d90       0x51 D:/msys32/home/Chengwuliang/esp/mcpwm_servo_control/build/freertos\libfreertos.a(queue.o)
                0x40085d90                xQueueTakeMutexRecursive
 *fill*         0x40085de1        0x3 
 .text.xQueueReceiveFromISR
                0x40085de4       0x96 D:/msys32/home/Chengwuliang/esp/mcpwm_servo_control/build/freertos\libfreertos.a(queue.o)
                                 0xa6 (size before relaxing)
                0x40085de4                xQueueReceiveFromISR
 *fill*         0x40085e7a        0x2 
 .text.uxQueueSpacesAvailable
                0x40085e7c       0x36 D:/msys32/home/Chengwuliang/esp/mcpwm_servo_control/build/freertos\libfreertos.a(queue.o)
                                 0x3e (size before relaxing)
                0x40085e7c                uxQueueSpacesAvailable
 *fill*         0x40085eb2        0x2 
 .text.vQueueDelete
                0x40085eb4       0x28 D:/msys32/home/Chengwuliang/esp/mcpwm_servo_control/build/freertos\libfreertos.a(queue.o)
                0x40085eb4                vQueueDelete
 .text.vQueueWaitForMessageRestricted
                0x40085edc       0x23 D:/msys32/home/Chengwuliang/esp/mcpwm_servo_control/build/freertos\libfreertos.a(queue.o)
                                 0x2a (size before relaxing)
                0x40085edc                vQueueWaitForMessageRestricted
 *fill*         0x40085eff        0x1 
 .text.xt_unhandled_interrupt
                0x40085f00       0x16 D:/msys32/home/Chengwuliang/esp/mcpwm_servo_control/build/freertos\libfreertos.a(xtensa_intr.o)
                0x40085f00                xt_unhandled_interrupt
 *fill*         0x40085f16        0x2 
 .text.xt_set_interrupt_handler
                0x40085f18       0x46 D:/msys32/home/Chengwuliang/esp/mcpwm_servo_control/build/freertos\libfreertos.a(xtensa_intr.o)
                0x40085f18                xt_set_interrupt_handler
 *fill*         0x40085f5e        0x2 
 .text          0x40085f60      0x1d0 D:/msys32/home/Chengwuliang/esp/mcpwm_servo_control/build/freertos\libfreertos.a(portasm.o)
                0x40085f60                _frxt_setup_switch
                0x40085f78                _frxt_int_enter
                0x40085fc0                _frxt_int_exit
                0x40086010                _frxt_timer_int
                0x40086038                _frxt_tick_timer_init
                0x40086050                _frxt_dispatch
                0x40086098                vPortYield
                0x400860e4                vPortYieldFromInt
                0x40086104                _frxt_task_coproc_state
 .text          0x40086130      0x12b D:/msys32/home/Chengwuliang/esp/mcpwm_servo_control/build/freertos\libfreertos.a(xtensa_context.o)
                0x40086130                _xt_context_save
                0x40086198                _xt_context_restore
                0x400861dc                _xt_coproc_init
                0x400861f0                _xt_coproc_release
                0x4008621c                _xt_coproc_savecs
                0x4008623c                _xt_coproc_restorecs
 *fill*         0x4008625b        0x1 
 .text.prvGetNextExpireTime
                0x4008625c       0x20 D:/msys32/home/Chengwuliang/esp/mcpwm_servo_control/build/freertos\libfreertos.a(timers.o)
 .text.prvInsertTimerInActiveList
                0x4008627c       0x50 D:/msys32/home/Chengwuliang/esp/mcpwm_servo_control/build/freertos\libfreertos.a(timers.o)
                                 0x54 (size before relaxing)
 .text.prvCheckForValidListAndQueue
                0x400862cc       0x66 D:/msys32/home/Chengwuliang/esp/mcpwm_servo_control/build/freertos\libfreertos.a(timers.o)
                                 0x7e (size before relaxing)
 *fill*         0x40086332        0x2 
 .text.xTimerCreateTimerTask
                0x40086334       0x48 D:/msys32/home/Chengwuliang/esp/mcpwm_servo_control/build/freertos\libfreertos.a(timers.o)
                                 0x4c (size before relaxing)
                0x40086334                xTimerCreateTimerTask
 .text.xTimerGenericCommand
                0x4008637c       0x55 D:/msys32/home/Chengwuliang/esp/mcpwm_servo_control/build/freertos\libfreertos.a(timers.o)
                                 0x5d (size before relaxing)
                0x4008637c                xTimerGenericCommand
 *fill*         0x400863d1        0x3 
 .text.prvSwitchTimerLists
                0x400863d4       0x76 D:/msys32/home/Chengwuliang/esp/mcpwm_servo_control/build/freertos\libfreertos.a(timers.o)
                                 0x82 (size before relaxing)
 *fill*         0x4008644a        0x2 
 .text.prvSampleTimeNow
                0x4008644c       0x2b D:/msys32/home/Chengwuliang/esp/mcpwm_servo_control/build/freertos\libfreertos.a(timers.o)
                                 0x2f (size before relaxing)
 *fill*         0x40086477        0x1 
 .text.prvProcessExpiredTimer
                0x40086478       0x53 D:/msys32/home/Chengwuliang/esp/mcpwm_servo_control/build/freertos\libfreertos.a(timers.o)
                                 0x5f (size before relaxing)
 *fill*         0x400864cb        0x1 
 .text.prvProcessTimerOrBlockTask
                0x400864cc       0x58 D:/msys32/home/Chengwuliang/esp/mcpwm_servo_control/build/freertos\libfreertos.a(timers.o)
                                 0x6c (size before relaxing)
 .text.prvProcessReceivedCommands
                0x40086524       0xd6 D:/msys32/home/Chengwuliang/esp/mcpwm_servo_control/build/freertos\libfreertos.a(timers.o)
                                 0xe6 (size before relaxing)
 *fill*         0x400865fa        0x2 
 .text.prvTimerTask
                0x400865fc       0x15 D:/msys32/home/Chengwuliang/esp/mcpwm_servo_control/build/freertos\libfreertos.a(timers.o)
                                 0x1d (size before relaxing)
 *fill*         0x40086611        0x3 
 .text.prvReturnItemByteBuf
                0x40086614       0x4c D:/msys32/home/Chengwuliang/esp/mcpwm_servo_control/build/freertos\libfreertos.a(ringbuf.o)
                                 0x4f (size before relaxing)
 *fill*         0x40086660        0x0 
 .text.prvGetItemByteBuf
                0x40086660       0xd7 D:/msys32/home/Chengwuliang/esp/mcpwm_servo_control/build/freertos\libfreertos.a(ringbuf.o)
                                 0xdb (size before relaxing)
 *fill*         0x40086737        0x1 
 .text.prvCheckItemFitsByteBuffer
                0x40086738       0x65 D:/msys32/home/Chengwuliang/esp/mcpwm_servo_control/build/freertos\libfreertos.a(ringbuf.o)
 *fill*         0x4008679d        0x3 
 .text.prvReturnItemDefault
                0x400867a0      0x146 D:/msys32/home/Chengwuliang/esp/mcpwm_servo_control/build/freertos\libfreertos.a(ringbuf.o)
                                0x156 (size before relaxing)
 *fill*         0x400868e6        0x2 
 .text.prvGetItemDefault
                0x400868e8      0x146 D:/msys32/home/Chengwuliang/esp/mcpwm_servo_control/build/freertos\libfreertos.a(ringbuf.o)
                                0x152 (size before relaxing)
 *fill*         0x40086a2e        0x2 
 .text.prvCheckItemFitsDefault
                0x40086a30       0xb1 D:/msys32/home/Chengwuliang/esp/mcpwm_servo_control/build/freertos\libfreertos.a(ringbuf.o)
 *fill*         0x40086ae1        0x3 
 .text.prvGetFreeSize
                0x40086ae4       0x3c D:/msys32/home/Chengwuliang/esp/mcpwm_servo_control/build/freertos\libfreertos.a(ringbuf.o)
                                 0x40 (size before relaxing)
 .text.prvCopyItemByteBuf
                0x40086b20       0x7b D:/msys32/home/Chengwuliang/esp/mcpwm_servo_control/build/freertos\libfreertos.a(ringbuf.o)
 *fill*         0x40086b9b        0x1 
 .text.prvCopyItemAllowSplit
                0x40086b9c       0xef D:/msys32/home/Chengwuliang/esp/mcpwm_servo_control/build/freertos\libfreertos.a(ringbuf.o)
                                 0xf3 (size before relaxing)